<?xml version="1.0" encoding="ISO-8859-1" ?>
<link_info>
   <banner>TI ARM Linker PC v20.2.7.LTS</banner>
   <copyright>Copyright (c) 1996-2018 Texas Instruments Incorporated</copyright>
   <link_time>0x677cf189</link_time>
   <link_errors>0x0</link_errors>
   <output_file>LCDSeriPort4KOD.out</output_file>
   <entry_point>
      <name>_c_int00_noargs</name>
      <address>0x2ded</address>
   </entry_point>
   <input_file_list>
      <input_file id="fl-2">
         <path>.\</path>
         <kind>object</kind>
         <file>lcd.obj</file>
         <name>lcd.obj</name>
      </input_file>
      <input_file id="fl-3">
         <path>.\</path>
         <kind>object</kind>
         <file>main.obj</file>
         <name>main.obj</name>
      </input_file>
      <input_file id="fl-4">
         <path>.\</path>
         <kind>object</kind>
         <file>tm4c123gh6pm_startup_ccs.obj</file>
         <name>tm4c123gh6pm_startup_ccs.obj</name>
      </input_file>
      <input_file id="fl-9">
         <kind>object</kind>
         <file>&lt;internal&gt;</file>
         <name>&lt;internal&gt;</name>
      </input_file>
      <input_file id="fl-bf">
         <path>C:\ti\ccs1280\ccs\tools\compiler\ti-cgt-arm_20.2.7.LTS\lib\</path>
         <kind>archive</kind>
         <file>rtsv7M4_T_le_v4SPD16_eabi.lib</file>
         <name>copy_zero_init.c.obj</name>
      </input_file>
      <input_file id="fl-c0">
         <path>C:\ti\ccs1280\ccs\tools\compiler\ti-cgt-arm_20.2.7.LTS\lib\</path>
         <kind>archive</kind>
         <file>rtsv7M4_T_le_v4SPD16_eabi.lib</file>
         <name>copy_decompress_none.c.obj</name>
      </input_file>
      <input_file id="fl-c1">
         <path>C:\ti\ccs1280\ccs\tools\compiler\ti-cgt-arm_20.2.7.LTS\lib\</path>
         <kind>archive</kind>
         <file>rtsv7M4_T_le_v4SPD16_eabi.lib</file>
         <name>copy_decompress_lzss.c.obj</name>
      </input_file>
      <input_file id="fl-c2">
         <path>C:\ti\ccs1280\ccs\tools\compiler\ti-cgt-arm_20.2.7.LTS\lib\</path>
         <kind>archive</kind>
         <file>rtsv7M4_T_le_v4SPD16_eabi.lib</file>
         <name>boot_cortex_m.c.obj</name>
      </input_file>
      <input_file id="fl-c3">
         <path>C:\ti\ccs1280\ccs\tools\compiler\ti-cgt-arm_20.2.7.LTS\lib\</path>
         <kind>archive</kind>
         <file>rtsv7M4_T_le_v4SPD16_eabi.lib</file>
         <name>memcpy_t2.asm.obj</name>
      </input_file>
      <input_file id="fl-c4">
         <path>C:\ti\ccs1280\ccs\tools\compiler\ti-cgt-arm_20.2.7.LTS\lib\</path>
         <kind>archive</kind>
         <file>rtsv7M4_T_le_v4SPD16_eabi.lib</file>
         <name>memset_t2.asm.obj</name>
      </input_file>
      <input_file id="fl-c5">
         <path>C:\ti\ccs1280\ccs\tools\compiler\ti-cgt-arm_20.2.7.LTS\lib\</path>
         <kind>archive</kind>
         <file>rtsv7M4_T_le_v4SPD16_eabi.lib</file>
         <name>autoinit.c.obj</name>
      </input_file>
      <input_file id="fl-c6">
         <path>C:\ti\ccs1280\ccs\tools\compiler\ti-cgt-arm_20.2.7.LTS\lib\</path>
         <kind>archive</kind>
         <file>rtsv7M4_T_le_v4SPD16_eabi.lib</file>
         <name>pre_init.c.obj</name>
      </input_file>
      <input_file id="fl-c7">
         <path>C:\ti\ccs1280\ccs\tools\compiler\ti-cgt-arm_20.2.7.LTS\lib\</path>
         <kind>archive</kind>
         <file>rtsv7M4_T_le_v4SPD16_eabi.lib</file>
         <name>cpy_tbl.c.obj</name>
      </input_file>
      <input_file id="fl-c8">
         <path>C:\ti\ccs1280\ccs\tools\compiler\ti-cgt-arm_20.2.7.LTS\lib\</path>
         <kind>archive</kind>
         <file>rtsv7M4_T_le_v4SPD16_eabi.lib</file>
         <name>exit.c.obj</name>
      </input_file>
      <input_file id="fl-c9">
         <path>C:\ti\ccs1280\ccs\tools\compiler\ti-cgt-arm_20.2.7.LTS\lib\</path>
         <kind>archive</kind>
         <file>rtsv7M4_T_le_v4SPD16_eabi.lib</file>
         <name>_lock.c.obj</name>
      </input_file>
      <input_file id="fl-ca">
         <path>C:\ti\ccs1280\ccs\tools\compiler\ti-cgt-arm_20.2.7.LTS\lib\</path>
         <kind>archive</kind>
         <file>rtsv7M4_T_le_v4SPD16_eabi.lib</file>
         <name>args_main.c.obj</name>
      </input_file>
      <input_file id="fl-cb">
         <path>C:\ti\TivaWare_C_Series-2.2.0.295\driverlib\ccs\Debug\</path>
         <kind>archive</kind>
         <file>driverlib.lib</file>
         <name>cpu.obj</name>
      </input_file>
      <input_file id="fl-cc">
         <path>C:\ti\TivaWare_C_Series-2.2.0.295\driverlib\ccs\Debug\</path>
         <kind>archive</kind>
         <file>driverlib.lib</file>
         <name>interrupt.obj</name>
      </input_file>
      <input_file id="fl-cd">
         <path>C:\ti\TivaWare_C_Series-2.2.0.295\driverlib\ccs\Debug\</path>
         <kind>archive</kind>
         <file>driverlib.lib</file>
         <name>timer.obj</name>
      </input_file>
   </input_file_list>
   <object_component_list>
      <object_component id="oc-12">
         <name>.intvecs</name>
         <load_address>0x0</load_address>
         <run_address>0x0</run_address>
         <size>0x26c</size>
         <input_file_ref idref="fl-4"/>
      </object_component>
      <object_component id="oc-e6">
         <name>.text</name>
         <load_address>0x26c</load_address>
         <run_address>0x26c</run_address>
         <size>0x1f14</size>
         <input_file_ref idref="fl-2"/>
      </object_component>
      <object_component id="oc-9b">
         <name>.text</name>
         <load_address>0x2180</load_address>
         <run_address>0x2180</run_address>
         <size>0xa78</size>
         <input_file_ref idref="fl-3"/>
      </object_component>
      <object_component id="oc-da">
         <name>.text:IntDisable</name>
         <load_address>0x2bf8</load_address>
         <run_address>0x2bf8</run_address>
         <size>0x68</size>
         <input_file_ref idref="fl-cc"/>
      </object_component>
      <object_component id="oc-d4">
         <name>.text:IntEnable</name>
         <load_address>0x2c60</load_address>
         <run_address>0x2c60</run_address>
         <size>0x68</size>
         <input_file_ref idref="fl-cc"/>
      </object_component>
      <object_component id="oc-ec">
         <name>.text:TimerConfigure</name>
         <load_address>0x2cc8</load_address>
         <run_address>0x2cc8</run_address>
         <size>0x60</size>
         <input_file_ref idref="fl-cd"/>
      </object_component>
      <object_component id="oc-1aa">
         <name>.text:_TimerIntNumberGet</name>
         <load_address>0x2d28</load_address>
         <run_address>0x2d28</run_address>
         <size>0x4c</size>
         <input_file_ref idref="fl-cd"/>
      </object_component>
      <object_component id="oc-12e">
         <name>.text:__TI_auto_init_nobinit_nopinit:__TI_auto_init_nobinit_nopinit</name>
         <load_address>0x2d74</load_address>
         <run_address>0x2d74</run_address>
         <size>0x44</size>
         <input_file_ref idref="fl-c5"/>
      </object_component>
      <object_component id="oc-ce">
         <name>.text:IntRegister</name>
         <load_address>0x2db8</load_address>
         <run_address>0x2db8</run_address>
         <size>0x34</size>
         <input_file_ref idref="fl-cc"/>
      </object_component>
      <object_component id="oc-59">
         <name>.text:_c_int00_noargs:_c_int00_noargs</name>
         <load_address>0x2dec</load_address>
         <run_address>0x2dec</run_address>
         <size>0x34</size>
         <input_file_ref idref="fl-c2"/>
      </object_component>
      <object_component id="oc-47">
         <name>.text:decompress:ZI:__TI_zero_init_nomemset:__TI_zero_init_nomemset</name>
         <load_address>0x2e20</load_address>
         <run_address>0x2e20</run_address>
         <size>0x1c</size>
         <input_file_ref idref="fl-bf"/>
      </object_component>
      <object_component id="oc-104">
         <name>.text:TimerIntRegister</name>
         <load_address>0x2e3c</load_address>
         <run_address>0x2e3c</run_address>
         <size>0x18</size>
         <input_file_ref idref="fl-cd"/>
      </object_component>
      <object_component id="oc-e0">
         <name>.text:IntUnregister</name>
         <load_address>0x2e54</load_address>
         <run_address>0x2e54</run_address>
         <size>0x14</size>
         <input_file_ref idref="fl-cc"/>
      </object_component>
      <object_component id="oc-f2">
         <name>.text:TimerLoadSet</name>
         <load_address>0x2e68</load_address>
         <run_address>0x2e68</run_address>
         <size>0x12</size>
         <input_file_ref idref="fl-cd"/>
      </object_component>
      <object_component id="oc-f8">
         <name>.text:IntMasterEnable</name>
         <load_address>0x2e7a</load_address>
         <run_address>0x2e7a</run_address>
         <size>0x10</size>
         <input_file_ref idref="fl-cc"/>
      </object_component>
      <object_component id="oc-116">
         <name>.text:TimerEnable</name>
         <load_address>0x2e8a</load_address>
         <run_address>0x2e8a</run_address>
         <size>0xe</size>
         <input_file_ref idref="fl-cd"/>
      </object_component>
      <object_component id="oc-1a2">
         <name>.text:CPUcpsie</name>
         <load_address>0x2e98</load_address>
         <run_address>0x2e98</run_address>
         <size>0xc</size>
         <input_file_ref idref="fl-cb"/>
      </object_component>
      <object_component id="oc-27">
         <name>.text</name>
         <load_address>0x2ea4</load_address>
         <run_address>0x2ea4</run_address>
         <size>0xc</size>
         <input_file_ref idref="fl-4"/>
      </object_component>
      <object_component id="oc-fe">
         <name>.text:TimerIntEnable</name>
         <load_address>0x2eb0</load_address>
         <run_address>0x2eb0</run_address>
         <size>0x8</size>
         <input_file_ref idref="fl-cd"/>
      </object_component>
      <object_component id="oc-110">
         <name>.text:SysCtlDelay</name>
         <load_address>0x2eb8</load_address>
         <run_address>0x2eb8</run_address>
         <size>0x6</size>
         <input_file_ref idref="fl-2"/>
      </object_component>
      <object_component id="oc-18f">
         <name>.text:CPUwfi</name>
         <load_address>0x2ebe</load_address>
         <run_address>0x2ebe</run_address>
         <size>0x4</size>
         <input_file_ref idref="fl-cb"/>
      </object_component>
      <object_component id="oc-10a">
         <name>.text:TimerIntClear</name>
         <load_address>0x2ec2</load_address>
         <run_address>0x2ec2</run_address>
         <size>0x4</size>
         <input_file_ref idref="fl-cd"/>
      </object_component>
      <object_component id="oc-95">
         <name>.text:_system_pre_init</name>
         <load_address>0x2ec6</load_address>
         <run_address>0x2ec6</run_address>
         <size>0x4</size>
         <input_file_ref idref="fl-c6"/>
      </object_component>
      <object_component id="oc-122">
         <name>.text:abort:abort</name>
         <load_address>0x2eca</load_address>
         <run_address>0x2eca</run_address>
         <size>0x4</size>
         <input_file_ref idref="fl-c8"/>
      </object_component>
      <object_component id="oc-17c">
         <name>.text:_IntDefaultHandler</name>
         <load_address>0x2ece</load_address>
         <run_address>0x2ece</run_address>
         <size>0x2</size>
         <input_file_ref idref="fl-cc"/>
      </object_component>
      <object_component id="oc-19b">
         <name>.const:g_pppui32XTALtoVCO</name>
         <load_address>0x2ed0</load_address>
         <run_address>0x2ed0</run_address>
         <size>0x1b0</size>
         <input_file_ref idref="fl-2"/>
      </object_component>
      <object_component id="oc-186">
         <name>.const:g_ppui32GPIOIntMapSnowflake</name>
         <load_address>0x3080</load_address>
         <run_address>0x3080</run_address>
         <size>0xd8</size>
         <input_file_ref idref="fl-2"/>
      </object_component>
      <object_component id="oc-183">
         <name>.const:g_ppui32GPIOIntMapBlizzard</name>
         <load_address>0x3158</load_address>
         <run_address>0x3158</run_address>
         <size>0xc0</size>
         <input_file_ref idref="fl-2"/>
      </object_component>
      <object_component id="oc-189">
         <name>.const:g_pui32GPIOBaseAddrs</name>
         <load_address>0x3218</load_address>
         <run_address>0x3218</run_address>
         <size>0x90</size>
         <input_file_ref idref="fl-2"/>
      </object_component>
      <object_component id="oc-195">
         <name>.const:g_pui32Xtals</name>
         <load_address>0x32a8</load_address>
         <run_address>0x32a8</run_address>
         <size>0x6c</size>
         <input_file_ref idref="fl-2"/>
      </object_component>
      <object_component id="oc-1fa">
         <name>.const:g_ppui32TimerIntMap</name>
         <load_address>0x3314</load_address>
         <run_address>0x3314</run_address>
         <size>0x60</size>
         <input_file_ref idref="fl-cd"/>
      </object_component>
      <object_component id="oc-1fd">
         <name>.const:g_ppui32TimerIntMapSnowflake</name>
         <load_address>0x3374</load_address>
         <run_address>0x3374</run_address>
         <size>0x40</size>
         <input_file_ref idref="fl-cd"/>
      </object_component>
      <object_component id="oc-c8">
         <name>.const:g_ppui32UARTIntMap</name>
         <load_address>0x33b4</load_address>
         <run_address>0x33b4</run_address>
         <size>0x40</size>
         <input_file_ref idref="fl-3"/>
      </object_component>
      <object_component id="oc-cb">
         <name>.const:g_ppui32UARTIntMapSnowflake</name>
         <load_address>0x33f4</load_address>
         <run_address>0x33f4</run_address>
         <size>0x40</size>
         <input_file_ref idref="fl-3"/>
      </object_component>
      <object_component id="oc-18c">
         <name>.const:g_sXTALtoMEMTIM</name>
         <load_address>0x3434</load_address>
         <run_address>0x3434</run_address>
         <size>0x30</size>
         <input_file_ref idref="fl-2"/>
      </object_component>
      <object_component id="oc-178">
         <name>.const:g_pui32Dii16Regs</name>
         <load_address>0x3464</load_address>
         <run_address>0x3464</run_address>
         <size>0x14</size>
         <input_file_ref idref="fl-cc"/>
      </object_component>
      <object_component id="oc-174">
         <name>.const:g_pui32EnRegs</name>
         <load_address>0x3478</load_address>
         <run_address>0x3478</run_address>
         <size>0x14</size>
         <input_file_ref idref="fl-cc"/>
      </object_component>
      <object_component id="oc-198">
         <name>.const:g_pui32VCOFrequencies</name>
         <load_address>0x348c</load_address>
         <run_address>0x348c</run_address>
         <size>0x8</size>
         <input_file_ref idref="fl-2"/>
      </object_component>
      <object_component id="oc-269">
         <name>.cinit..bss.load</name>
         <load_address>0x3498</load_address>
         <run_address>0x3498</run_address>
         <size>0x8</size>
      </object_component>
      <object_component id="oc-268">
         <name>.cinit..vtable.load</name>
         <load_address>0x34a0</load_address>
         <run_address>0x34a0</run_address>
         <size>0x8</size>
      </object_component>
      <object_component id="oc-266">
         <name>__TI_handler_table</name>
         <load_address>0x34a8</load_address>
         <run_address>0x34a8</run_address>
         <size>0x4</size>
      </object_component>
      <object_component id="oc-267">
         <name>__TI_cinit_table</name>
         <load_address>0x34ac</load_address>
         <run_address>0x34ac</run_address>
         <size>0x10</size>
      </object_component>
      <object_component id="oc-16a">
         <name>.vtable</name>
         <uninitialized>true</uninitialized>
         <run_address>0x20000000</run_address>
         <size>0x26c</size>
         <input_file_ref idref="fl-cc"/>
      </object_component>
      <object_component id="oc-115">
         <name>.common:saat</name>
         <uninitialized>true</uninitialized>
         <run_address>0x20000474</run_address>
         <size>0x4</size>
      </object_component>
      <object_component id="oc-114">
         <name>.common:dakika</name>
         <uninitialized>true</uninitialized>
         <run_address>0x20000470</run_address>
         <size>0x4</size>
      </object_component>
      <object_component id="oc-111">
         <name>.common:saniye</name>
         <uninitialized>true</uninitialized>
         <run_address>0x20000478</run_address>
         <size>0x4</size>
      </object_component>
      <object_component id="oc-24">
         <name>.stack</name>
         <uninitialized>true</uninitialized>
         <run_address>0x20000270</run_address>
         <size>0x4</size>
         <input_file_ref idref="fl-c2"/>
      </object_component>
      <object_component id="oc-26b">
         <name>.stack</name>
         <uninitialized>true</uninitialized>
         <run_address>0x20000270</run_address>
         <size>0x0</size>
      </object_component>
      <object_component id="oc-b7">
         <name>.debug_info</name>
         <load_address>0x0</load_address>
         <run_address>0x0</run_address>
         <size>0x3e8</size>
         <input_file_ref idref="fl-2"/>
      </object_component>
      <object_component id="oc-184">
         <name>.debug_info</name>
         <load_address>0x3e8</load_address>
         <run_address>0x3e8</run_address>
         <size>0xf4</size>
         <input_file_ref idref="fl-2"/>
      </object_component>
      <object_component id="oc-187">
         <name>.debug_info</name>
         <load_address>0x4dc</load_address>
         <run_address>0x4dc</run_address>
         <size>0xf6</size>
         <input_file_ref idref="fl-2"/>
      </object_component>
      <object_component id="oc-18a">
         <name>.debug_info</name>
         <load_address>0x5d2</load_address>
         <run_address>0x5d2</run_address>
         <size>0xe8</size>
         <input_file_ref idref="fl-2"/>
      </object_component>
      <object_component id="oc-196">
         <name>.debug_info</name>
         <load_address>0x6ba</load_address>
         <run_address>0x6ba</run_address>
         <size>0xd8</size>
         <input_file_ref idref="fl-2"/>
      </object_component>
      <object_component id="oc-19c">
         <name>.debug_info</name>
         <load_address>0x792</load_address>
         <run_address>0x792</run_address>
         <size>0xe4</size>
         <input_file_ref idref="fl-2"/>
      </object_component>
      <object_component id="oc-18d">
         <name>.debug_info</name>
         <load_address>0x876</load_address>
         <run_address>0x876</run_address>
         <size>0xde</size>
         <input_file_ref idref="fl-2"/>
      </object_component>
      <object_component id="oc-199">
         <name>.debug_info</name>
         <load_address>0x954</load_address>
         <run_address>0x954</run_address>
         <size>0xeb</size>
         <input_file_ref idref="fl-2"/>
      </object_component>
      <object_component id="oc-e8">
         <name>.debug_info</name>
         <load_address>0xa3f</load_address>
         <run_address>0xa3f</run_address>
         <size>0x7f49</size>
         <input_file_ref idref="fl-2"/>
      </object_component>
      <object_component id="oc-162">
         <name>.debug_info</name>
         <load_address>0x8988</load_address>
         <run_address>0x8988</run_address>
         <size>0x51</size>
         <input_file_ref idref="fl-2"/>
      </object_component>
      <object_component id="oc-70">
         <name>.debug_info</name>
         <load_address>0x89d9</load_address>
         <run_address>0x89d9</run_address>
         <size>0x26b</size>
         <input_file_ref idref="fl-2"/>
      </object_component>
      <object_component id="oc-b2">
         <name>.debug_info</name>
         <load_address>0x8c44</load_address>
         <run_address>0x8c44</run_address>
         <size>0x8b</size>
         <input_file_ref idref="fl-2"/>
      </object_component>
      <object_component id="oc-ad">
         <name>.debug_info</name>
         <load_address>0x8ccf</load_address>
         <run_address>0x8ccf</run_address>
         <size>0x2a4</size>
         <input_file_ref idref="fl-2"/>
      </object_component>
      <object_component id="oc-11d">
         <name>.debug_info</name>
         <load_address>0x8f73</load_address>
         <run_address>0x8f73</run_address>
         <size>0xef</size>
         <input_file_ref idref="fl-2"/>
      </object_component>
      <object_component id="oc-75">
         <name>.debug_info</name>
         <load_address>0x9062</load_address>
         <run_address>0x9062</run_address>
         <size>0xbb</size>
         <input_file_ref idref="fl-2"/>
      </object_component>
      <object_component id="oc-112">
         <name>.debug_info</name>
         <load_address>0x911d</load_address>
         <run_address>0x911d</run_address>
         <size>0x6dd</size>
         <input_file_ref idref="fl-3"/>
      </object_component>
      <object_component id="oc-c9">
         <name>.debug_info</name>
         <load_address>0x97fa</load_address>
         <run_address>0x97fa</run_address>
         <size>0xe5</size>
         <input_file_ref idref="fl-3"/>
      </object_component>
      <object_component id="oc-cc">
         <name>.debug_info</name>
         <load_address>0x98df</load_address>
         <run_address>0x98df</run_address>
         <size>0xf7</size>
         <input_file_ref idref="fl-3"/>
      </object_component>
      <object_component id="oc-9e">
         <name>.debug_info</name>
         <load_address>0x99d6</load_address>
         <run_address>0x99d6</run_address>
         <size>0x3d52</size>
         <input_file_ref idref="fl-3"/>
      </object_component>
      <object_component id="oc-2f">
         <name>.debug_info</name>
         <load_address>0xd728</load_address>
         <run_address>0xd728</run_address>
         <size>0x2af</size>
         <input_file_ref idref="fl-4"/>
      </object_component>
      <object_component id="oc-13">
         <name>.debug_info</name>
         <load_address>0xd9d7</load_address>
         <run_address>0xd9d7</run_address>
         <size>0xee</size>
         <input_file_ref idref="fl-4"/>
      </object_component>
      <object_component id="oc-29">
         <name>.debug_info</name>
         <load_address>0xdac5</load_address>
         <run_address>0xdac5</run_address>
         <size>0x26a</size>
         <input_file_ref idref="fl-4"/>
      </object_component>
      <object_component id="oc-36">
         <name>.debug_info</name>
         <load_address>0xdd2f</load_address>
         <run_address>0xdd2f</run_address>
         <size>0x84</size>
         <input_file_ref idref="fl-4"/>
      </object_component>
      <object_component id="oc-8e">
         <name>.debug_info</name>
         <load_address>0xddb3</load_address>
         <run_address>0xddb3</run_address>
         <size>0x2d4</size>
         <input_file_ref idref="fl-bf"/>
      </object_component>
      <object_component id="oc-48">
         <name>.debug_info</name>
         <load_address>0xe087</load_address>
         <run_address>0xe087</run_address>
         <size>0x1d2</size>
         <input_file_ref idref="fl-bf"/>
      </object_component>
      <object_component id="oc-89">
         <name>.debug_info</name>
         <load_address>0xe259</load_address>
         <run_address>0xe259</run_address>
         <size>0x46</size>
         <input_file_ref idref="fl-bf"/>
      </object_component>
      <object_component id="oc-bf">
         <name>.debug_info</name>
         <load_address>0xe29f</load_address>
         <run_address>0xe29f</run_address>
         <size>0x2c</size>
         <input_file_ref idref="fl-bf"/>
      </object_component>
      <object_component id="oc-25">
         <name>.debug_info</name>
         <load_address>0xe2cb</load_address>
         <run_address>0xe2cb</run_address>
         <size>0x10b</size>
         <input_file_ref idref="fl-c2"/>
      </object_component>
      <object_component id="oc-5c">
         <name>.debug_info</name>
         <load_address>0xe3d6</load_address>
         <run_address>0xe3d6</run_address>
         <size>0x1a9</size>
         <input_file_ref idref="fl-c2"/>
      </object_component>
      <object_component id="oc-1c0">
         <name>.debug_info</name>
         <load_address>0xe57f</load_address>
         <run_address>0xe57f</run_address>
         <size>0x4b3</size>
         <input_file_ref idref="fl-c5"/>
      </object_component>
      <object_component id="oc-12f">
         <name>.debug_info</name>
         <load_address>0xea32</load_address>
         <run_address>0xea32</run_address>
         <size>0x1a6</size>
         <input_file_ref idref="fl-c5"/>
      </object_component>
      <object_component id="oc-216">
         <name>.debug_info</name>
         <load_address>0xebd8</load_address>
         <run_address>0xebd8</run_address>
         <size>0x39</size>
         <input_file_ref idref="fl-c5"/>
      </object_component>
      <object_component id="oc-22f">
         <name>.debug_info</name>
         <load_address>0xec11</load_address>
         <run_address>0xec11</run_address>
         <size>0x39</size>
         <input_file_ref idref="fl-c5"/>
      </object_component>
      <object_component id="oc-21b">
         <name>.debug_info</name>
         <load_address>0xec4a</load_address>
         <run_address>0xec4a</run_address>
         <size>0x39</size>
         <input_file_ref idref="fl-c5"/>
      </object_component>
      <object_component id="oc-220">
         <name>.debug_info</name>
         <load_address>0xec83</load_address>
         <run_address>0xec83</run_address>
         <size>0xcd</size>
         <input_file_ref idref="fl-c5"/>
      </object_component>
      <object_component id="oc-96">
         <name>.debug_info</name>
         <load_address>0xed50</load_address>
         <run_address>0xed50</run_address>
         <size>0x153</size>
         <input_file_ref idref="fl-c6"/>
      </object_component>
      <object_component id="oc-124">
         <name>.debug_info</name>
         <load_address>0xeea3</load_address>
         <run_address>0xeea3</run_address>
         <size>0x122</size>
         <input_file_ref idref="fl-c8"/>
      </object_component>
      <object_component id="oc-227">
         <name>.debug_info</name>
         <load_address>0xefc5</load_address>
         <run_address>0xefc5</run_address>
         <size>0x2d7</size>
         <input_file_ref idref="fl-cb"/>
      </object_component>
      <object_component id="oc-192">
         <name>.debug_info</name>
         <load_address>0xf29c</load_address>
         <run_address>0xf29c</run_address>
         <size>0x213</size>
         <input_file_ref idref="fl-cb"/>
      </object_component>
      <object_component id="oc-1a6">
         <name>.debug_info</name>
         <load_address>0xf4af</load_address>
         <run_address>0xf4af</run_address>
         <size>0x21b</size>
         <input_file_ref idref="fl-cb"/>
      </object_component>
      <object_component id="oc-1de">
         <name>.debug_info</name>
         <load_address>0xf6ca</load_address>
         <run_address>0xf6ca</run_address>
         <size>0x26b</size>
         <input_file_ref idref="fl-cb"/>
      </object_component>
      <object_component id="oc-1d7">
         <name>.debug_info</name>
         <load_address>0xf935</load_address>
         <run_address>0xf935</run_address>
         <size>0x297</size>
         <input_file_ref idref="fl-cb"/>
      </object_component>
      <object_component id="oc-201">
         <name>.debug_info</name>
         <load_address>0xfbcc</load_address>
         <run_address>0xfbcc</run_address>
         <size>0xef</size>
         <input_file_ref idref="fl-cb"/>
      </object_component>
      <object_component id="oc-16e">
         <name>.debug_info</name>
         <load_address>0xfcbb</load_address>
         <run_address>0xfcbb</run_address>
         <size>0xbb</size>
         <input_file_ref idref="fl-cb"/>
      </object_component>
      <object_component id="oc-173">
         <name>.debug_info</name>
         <load_address>0xfd76</load_address>
         <run_address>0xfd76</run_address>
         <size>0x3b7</size>
         <input_file_ref idref="fl-cc"/>
      </object_component>
      <object_component id="oc-175">
         <name>.debug_info</name>
         <load_address>0x1012d</load_address>
         <run_address>0x1012d</run_address>
         <size>0x15b</size>
         <input_file_ref idref="fl-cc"/>
      </object_component>
      <object_component id="oc-179">
         <name>.debug_info</name>
         <load_address>0x10288</load_address>
         <run_address>0x10288</run_address>
         <size>0x161</size>
         <input_file_ref idref="fl-cc"/>
      </object_component>
      <object_component id="oc-16b">
         <name>.debug_info</name>
         <load_address>0x103e9</load_address>
         <run_address>0x103e9</run_address>
         <size>0x160</size>
         <input_file_ref idref="fl-cc"/>
      </object_component>
      <object_component id="oc-17d">
         <name>.debug_info</name>
         <load_address>0x10549</load_address>
         <run_address>0x10549</run_address>
         <size>0x22e</size>
         <input_file_ref idref="fl-cc"/>
      </object_component>
      <object_component id="oc-e1">
         <name>.debug_info</name>
         <load_address>0x10777</load_address>
         <run_address>0x10777</run_address>
         <size>0x279</size>
         <input_file_ref idref="fl-cc"/>
      </object_component>
      <object_component id="oc-d0">
         <name>.debug_info</name>
         <load_address>0x109f0</load_address>
         <run_address>0x109f0</run_address>
         <size>0x2ca</size>
         <input_file_ref idref="fl-cc"/>
      </object_component>
      <object_component id="oc-fa">
         <name>.debug_info</name>
         <load_address>0x10cba</load_address>
         <run_address>0x10cba</run_address>
         <size>0x247</size>
         <input_file_ref idref="fl-cc"/>
      </object_component>
      <object_component id="oc-d5">
         <name>.debug_info</name>
         <load_address>0x10f01</load_address>
         <run_address>0x10f01</run_address>
         <size>0x271</size>
         <input_file_ref idref="fl-cc"/>
      </object_component>
      <object_component id="oc-db">
         <name>.debug_info</name>
         <load_address>0x11172</load_address>
         <run_address>0x11172</run_address>
         <size>0x273</size>
         <input_file_ref idref="fl-cc"/>
      </object_component>
      <object_component id="oc-1a0">
         <name>.debug_info</name>
         <load_address>0x113e5</load_address>
         <run_address>0x113e5</run_address>
         <size>0x3c7</size>
         <input_file_ref idref="fl-cd"/>
      </object_component>
      <object_component id="oc-1fb">
         <name>.debug_info</name>
         <load_address>0x117ac</load_address>
         <run_address>0x117ac</run_address>
         <size>0x163</size>
         <input_file_ref idref="fl-cd"/>
      </object_component>
      <object_component id="oc-1fe">
         <name>.debug_info</name>
         <load_address>0x1190f</load_address>
         <run_address>0x1190f</run_address>
         <size>0x175</size>
         <input_file_ref idref="fl-cd"/>
      </object_component>
      <object_component id="oc-f3">
         <name>.debug_info</name>
         <load_address>0x11a84</load_address>
         <run_address>0x11a84</run_address>
         <size>0x2c3</size>
         <input_file_ref idref="fl-cd"/>
      </object_component>
      <object_component id="oc-1ab">
         <name>.debug_info</name>
         <load_address>0x11d47</load_address>
         <run_address>0x11d47</run_address>
         <size>0x2f4</size>
         <input_file_ref idref="fl-cd"/>
      </object_component>
      <object_component id="oc-106">
         <name>.debug_info</name>
         <load_address>0x1203b</load_address>
         <run_address>0x1203b</run_address>
         <size>0x2ed</size>
         <input_file_ref idref="fl-cd"/>
      </object_component>
      <object_component id="oc-100">
         <name>.debug_info</name>
         <load_address>0x12328</load_address>
         <run_address>0x12328</run_address>
         <size>0x29d</size>
         <input_file_ref idref="fl-cd"/>
      </object_component>
      <object_component id="oc-10b">
         <name>.debug_info</name>
         <load_address>0x125c5</load_address>
         <run_address>0x125c5</run_address>
         <size>0x29b</size>
         <input_file_ref idref="fl-cd"/>
      </object_component>
      <object_component id="oc-117">
         <name>.debug_info</name>
         <load_address>0x12860</load_address>
         <run_address>0x12860</run_address>
         <size>0x288</size>
         <input_file_ref idref="fl-cd"/>
      </object_component>
      <object_component id="oc-ed">
         <name>.debug_info</name>
         <load_address>0x12ae8</load_address>
         <run_address>0x12ae8</run_address>
         <size>0x295</size>
         <input_file_ref idref="fl-cd"/>
      </object_component>
      <object_component id="oc-26c">
         <name>.debug_info</name>
         <load_address>0x12d7d</load_address>
         <run_address>0x12d7d</run_address>
         <size>0xa1</size>
      </object_component>
      <object_component id="oc-161">
         <name>.debug_line</name>
         <load_address>0x0</load_address>
         <run_address>0x0</run_address>
         <size>0xc8</size>
         <input_file_ref idref="fl-2"/>
      </object_component>
      <object_component id="oc-1e9">
         <name>.debug_line</name>
         <load_address>0xc8</load_address>
         <run_address>0xc8</run_address>
         <size>0x56</size>
         <input_file_ref idref="fl-2"/>
      </object_component>
      <object_component id="oc-1eb">
         <name>.debug_line</name>
         <load_address>0x11e</load_address>
         <run_address>0x11e</run_address>
         <size>0x56</size>
         <input_file_ref idref="fl-2"/>
      </object_component>
      <object_component id="oc-1ed">
         <name>.debug_line</name>
         <load_address>0x174</load_address>
         <run_address>0x174</run_address>
         <size>0x56</size>
         <input_file_ref idref="fl-2"/>
      </object_component>
      <object_component id="oc-1f2">
         <name>.debug_line</name>
         <load_address>0x1ca</load_address>
         <run_address>0x1ca</run_address>
         <size>0x58</size>
         <input_file_ref idref="fl-2"/>
      </object_component>
      <object_component id="oc-1f6">
         <name>.debug_line</name>
         <load_address>0x222</load_address>
         <run_address>0x222</run_address>
         <size>0x58</size>
         <input_file_ref idref="fl-2"/>
      </object_component>
      <object_component id="oc-1ef">
         <name>.debug_line</name>
         <load_address>0x27a</load_address>
         <run_address>0x27a</run_address>
         <size>0x58</size>
         <input_file_ref idref="fl-2"/>
      </object_component>
      <object_component id="oc-1f4">
         <name>.debug_line</name>
         <load_address>0x2d2</load_address>
         <run_address>0x2d2</run_address>
         <size>0x58</size>
         <input_file_ref idref="fl-2"/>
      </object_component>
      <object_component id="oc-e7">
         <name>.debug_line</name>
         <load_address>0x32a</load_address>
         <run_address>0x32a</run_address>
         <size>0x1355</size>
         <input_file_ref idref="fl-2"/>
      </object_component>
      <object_component id="oc-164">
         <name>.debug_line</name>
         <load_address>0x167f</load_address>
         <run_address>0x167f</run_address>
         <size>0x58</size>
         <input_file_ref idref="fl-2"/>
      </object_component>
      <object_component id="oc-73">
         <name>.debug_line</name>
         <load_address>0x16d7</load_address>
         <run_address>0x16d7</run_address>
         <size>0x6f</size>
         <input_file_ref idref="fl-2"/>
      </object_component>
      <object_component id="oc-b5">
         <name>.debug_line</name>
         <load_address>0x1746</load_address>
         <run_address>0x1746</run_address>
         <size>0x20</size>
         <input_file_ref idref="fl-2"/>
      </object_component>
      <object_component id="oc-b0">
         <name>.debug_line</name>
         <load_address>0x1766</load_address>
         <run_address>0x1766</run_address>
         <size>0x73</size>
         <input_file_ref idref="fl-2"/>
      </object_component>
      <object_component id="oc-120">
         <name>.debug_line</name>
         <load_address>0x17d9</load_address>
         <run_address>0x17d9</run_address>
         <size>0x6f</size>
         <input_file_ref idref="fl-2"/>
      </object_component>
      <object_component id="oc-78">
         <name>.debug_line</name>
         <load_address>0x1848</load_address>
         <run_address>0x1848</run_address>
         <size>0x70</size>
         <input_file_ref idref="fl-2"/>
      </object_component>
      <object_component id="oc-1b3">
         <name>.debug_line</name>
         <load_address>0x18b8</load_address>
         <run_address>0x18b8</run_address>
         <size>0x10d</size>
         <input_file_ref idref="fl-3"/>
      </object_component>
      <object_component id="oc-167">
         <name>.debug_line</name>
         <load_address>0x19c5</load_address>
         <run_address>0x19c5</run_address>
         <size>0x56</size>
         <input_file_ref idref="fl-3"/>
      </object_component>
      <object_component id="oc-169">
         <name>.debug_line</name>
         <load_address>0x1a1b</load_address>
         <run_address>0x1a1b</run_address>
         <size>0x56</size>
         <input_file_ref idref="fl-3"/>
      </object_component>
      <object_component id="oc-9d">
         <name>.debug_line</name>
         <load_address>0x1a71</load_address>
         <run_address>0x1a71</run_address>
         <size>0x7c9</size>
         <input_file_ref idref="fl-3"/>
      </object_component>
      <object_component id="oc-6f">
         <name>.debug_line</name>
         <load_address>0x223a</load_address>
         <run_address>0x223a</run_address>
         <size>0x41</size>
         <input_file_ref idref="fl-4"/>
      </object_component>
      <object_component id="oc-2e">
         <name>.debug_line</name>
         <load_address>0x227b</load_address>
         <run_address>0x227b</run_address>
         <size>0x41</size>
         <input_file_ref idref="fl-4"/>
      </object_component>
      <object_component id="oc-28">
         <name>.debug_line</name>
         <load_address>0x22bc</load_address>
         <run_address>0x22bc</run_address>
         <size>0xa1</size>
         <input_file_ref idref="fl-4"/>
      </object_component>
      <object_component id="oc-39">
         <name>.debug_line</name>
         <load_address>0x235d</load_address>
         <run_address>0x235d</run_address>
         <size>0x20</size>
         <input_file_ref idref="fl-4"/>
      </object_component>
      <object_component id="oc-c5">
         <name>.debug_line</name>
         <load_address>0x237d</load_address>
         <run_address>0x237d</run_address>
         <size>0x92</size>
         <input_file_ref idref="fl-bf"/>
      </object_component>
      <object_component id="oc-4b">
         <name>.debug_line</name>
         <load_address>0x240f</load_address>
         <run_address>0x240f</run_address>
         <size>0x4c</size>
         <input_file_ref idref="fl-bf"/>
      </object_component>
      <object_component id="oc-8c">
         <name>.debug_line</name>
         <load_address>0x245b</load_address>
         <run_address>0x245b</run_address>
         <size>0x34</size>
         <input_file_ref idref="fl-bf"/>
      </object_component>
      <object_component id="oc-c2">
         <name>.debug_line</name>
         <load_address>0x248f</load_address>
         <run_address>0x248f</run_address>
         <size>0x92</size>
         <input_file_ref idref="fl-bf"/>
      </object_component>
      <object_component id="oc-6c">
         <name>.debug_line</name>
         <load_address>0x2521</load_address>
         <run_address>0x2521</run_address>
         <size>0x33</size>
         <input_file_ref idref="fl-c2"/>
      </object_component>
      <object_component id="oc-5e">
         <name>.debug_line</name>
         <load_address>0x2554</load_address>
         <run_address>0x2554</run_address>
         <size>0x45</size>
         <input_file_ref idref="fl-c2"/>
      </object_component>
      <object_component id="oc-215">
         <name>.debug_line</name>
         <load_address>0x2599</load_address>
         <run_address>0x2599</run_address>
         <size>0xbf</size>
         <input_file_ref idref="fl-c5"/>
      </object_component>
      <object_component id="oc-133">
         <name>.debug_line</name>
         <load_address>0x2658</load_address>
         <run_address>0x2658</run_address>
         <size>0x6f</size>
         <input_file_ref idref="fl-c5"/>
      </object_component>
      <object_component id="oc-219">
         <name>.debug_line</name>
         <load_address>0x26c7</load_address>
         <run_address>0x26c7</run_address>
         <size>0x2e</size>
         <input_file_ref idref="fl-c5"/>
      </object_component>
      <object_component id="oc-232">
         <name>.debug_line</name>
         <load_address>0x26f5</load_address>
         <run_address>0x26f5</run_address>
         <size>0x9a</size>
         <input_file_ref idref="fl-c5"/>
      </object_component>
      <object_component id="oc-21e">
         <name>.debug_line</name>
         <load_address>0x278f</load_address>
         <run_address>0x278f</run_address>
         <size>0x97</size>
         <input_file_ref idref="fl-c5"/>
      </object_component>
      <object_component id="oc-223">
         <name>.debug_line</name>
         <load_address>0x2826</load_address>
         <run_address>0x2826</run_address>
         <size>0x93</size>
         <input_file_ref idref="fl-c5"/>
      </object_component>
      <object_component id="oc-99">
         <name>.debug_line</name>
         <load_address>0x28b9</load_address>
         <run_address>0x28b9</run_address>
         <size>0x40</size>
         <input_file_ref idref="fl-c6"/>
      </object_component>
      <object_component id="oc-127">
         <name>.debug_line</name>
         <load_address>0x28f9</load_address>
         <run_address>0x28f9</run_address>
         <size>0x3c</size>
         <input_file_ref idref="fl-c8"/>
      </object_component>
      <object_component id="oc-23c">
         <name>.debug_line</name>
         <load_address>0x2935</load_address>
         <run_address>0x2935</run_address>
         <size>0x20</size>
         <input_file_ref idref="fl-cb"/>
      </object_component>
      <object_component id="oc-194">
         <name>.debug_line</name>
         <load_address>0x2955</load_address>
         <run_address>0x2955</run_address>
         <size>0x8e</size>
         <input_file_ref idref="fl-cb"/>
      </object_component>
      <object_component id="oc-1a3">
         <name>.debug_line</name>
         <load_address>0x29e3</load_address>
         <run_address>0x29e3</run_address>
         <size>0x91</size>
         <input_file_ref idref="fl-cb"/>
      </object_component>
      <object_component id="oc-1e1">
         <name>.debug_line</name>
         <load_address>0x2a74</load_address>
         <run_address>0x2a74</run_address>
         <size>0x71</size>
         <input_file_ref idref="fl-cb"/>
      </object_component>
      <object_component id="oc-1da">
         <name>.debug_line</name>
         <load_address>0x2ae5</load_address>
         <run_address>0x2ae5</run_address>
         <size>0x75</size>
         <input_file_ref idref="fl-cb"/>
      </object_component>
      <object_component id="oc-204">
         <name>.debug_line</name>
         <load_address>0x2b5a</load_address>
         <run_address>0x2b5a</run_address>
         <size>0x71</size>
         <input_file_ref idref="fl-cb"/>
      </object_component>
      <object_component id="oc-171">
         <name>.debug_line</name>
         <load_address>0x2bcb</load_address>
         <run_address>0x2bcb</run_address>
         <size>0x72</size>
         <input_file_ref idref="fl-cb"/>
      </object_component>
      <object_component id="oc-1dd">
         <name>.debug_line</name>
         <load_address>0x2c3d</load_address>
         <run_address>0x2c3d</run_address>
         <size>0x7c</size>
         <input_file_ref idref="fl-cc"/>
      </object_component>
      <object_component id="oc-1e4">
         <name>.debug_line</name>
         <load_address>0x2cb9</load_address>
         <run_address>0x2cb9</run_address>
         <size>0x82</size>
         <input_file_ref idref="fl-cc"/>
      </object_component>
      <object_component id="oc-1e6">
         <name>.debug_line</name>
         <load_address>0x2d3b</load_address>
         <run_address>0x2d3b</run_address>
         <size>0x82</size>
         <input_file_ref idref="fl-cc"/>
      </object_component>
      <object_component id="oc-1d6">
         <name>.debug_line</name>
         <load_address>0x2dbd</load_address>
         <run_address>0x2dbd</run_address>
         <size>0x82</size>
         <input_file_ref idref="fl-cc"/>
      </object_component>
      <object_component id="oc-180">
         <name>.debug_line</name>
         <load_address>0x2e3f</load_address>
         <run_address>0x2e3f</run_address>
         <size>0x97</size>
         <input_file_ref idref="fl-cc"/>
      </object_component>
      <object_component id="oc-e4">
         <name>.debug_line</name>
         <load_address>0x2ed6</load_address>
         <run_address>0x2ed6</run_address>
         <size>0x97</size>
         <input_file_ref idref="fl-cc"/>
      </object_component>
      <object_component id="oc-cf">
         <name>.debug_line</name>
         <load_address>0x2f6d</load_address>
         <run_address>0x2f6d</run_address>
         <size>0xaf</size>
         <input_file_ref idref="fl-cc"/>
      </object_component>
      <object_component id="oc-f9">
         <name>.debug_line</name>
         <load_address>0x301c</load_address>
         <run_address>0x301c</run_address>
         <size>0x97</size>
         <input_file_ref idref="fl-cc"/>
      </object_component>
      <object_component id="oc-d9">
         <name>.debug_line</name>
         <load_address>0x30b3</load_address>
         <run_address>0x30b3</run_address>
         <size>0xc2</size>
         <input_file_ref idref="fl-cc"/>
      </object_component>
      <object_component id="oc-de">
         <name>.debug_line</name>
         <load_address>0x3175</load_address>
         <run_address>0x3175</run_address>
         <size>0xc2</size>
         <input_file_ref idref="fl-cc"/>
      </object_component>
      <object_component id="oc-1f8">
         <name>.debug_line</name>
         <load_address>0x3237</load_address>
         <run_address>0x3237</run_address>
         <size>0x82</size>
         <input_file_ref idref="fl-cd"/>
      </object_component>
      <object_component id="oc-229">
         <name>.debug_line</name>
         <load_address>0x32b9</load_address>
         <run_address>0x32b9</run_address>
         <size>0x7e</size>
         <input_file_ref idref="fl-cd"/>
      </object_component>
      <object_component id="oc-22b">
         <name>.debug_line</name>
         <load_address>0x3337</load_address>
         <run_address>0x3337</run_address>
         <size>0x7e</size>
         <input_file_ref idref="fl-cd"/>
      </object_component>
      <object_component id="oc-f6">
         <name>.debug_line</name>
         <load_address>0x33b5</load_address>
         <run_address>0x33b5</run_address>
         <size>0x9c</size>
         <input_file_ref idref="fl-cd"/>
      </object_component>
      <object_component id="oc-1ae">
         <name>.debug_line</name>
         <load_address>0x3451</load_address>
         <run_address>0x3451</run_address>
         <size>0xaf</size>
         <input_file_ref idref="fl-cd"/>
      </object_component>
      <object_component id="oc-105">
         <name>.debug_line</name>
         <load_address>0x3500</load_address>
         <run_address>0x3500</run_address>
         <size>0x9a</size>
         <input_file_ref idref="fl-cd"/>
      </object_component>
      <object_component id="oc-ff">
         <name>.debug_line</name>
         <load_address>0x359a</load_address>
         <run_address>0x359a</run_address>
         <size>0x93</size>
         <input_file_ref idref="fl-cd"/>
      </object_component>
      <object_component id="oc-10e">
         <name>.debug_line</name>
         <load_address>0x362d</load_address>
         <run_address>0x362d</run_address>
         <size>0x93</size>
         <input_file_ref idref="fl-cd"/>
      </object_component>
      <object_component id="oc-11b">
         <name>.debug_line</name>
         <load_address>0x36c0</load_address>
         <run_address>0x36c0</run_address>
         <size>0x93</size>
         <input_file_ref idref="fl-cd"/>
      </object_component>
      <object_component id="oc-f1">
         <name>.debug_line</name>
         <load_address>0x3753</load_address>
         <run_address>0x3753</run_address>
         <size>0xb7</size>
         <input_file_ref idref="fl-cd"/>
      </object_component>
      <object_component id="oc-eb">
         <name>.debug_frame</name>
         <load_address>0x0</load_address>
         <run_address>0x0</run_address>
         <size>0xbbc</size>
         <input_file_ref idref="fl-2"/>
      </object_component>
      <object_component id="oc-a0">
         <name>.debug_frame</name>
         <load_address>0xbbc</load_address>
         <run_address>0xbbc</run_address>
         <size>0x600</size>
         <input_file_ref idref="fl-3"/>
      </object_component>
      <object_component id="oc-2c">
         <name>.debug_frame</name>
         <load_address>0x11bc</load_address>
         <run_address>0x11bc</run_address>
         <size>0x90</size>
         <input_file_ref idref="fl-4"/>
      </object_component>
      <object_component id="oc-4c">
         <name>.debug_frame</name>
         <load_address>0x124c</load_address>
         <run_address>0x124c</run_address>
         <size>0x54</size>
         <input_file_ref idref="fl-bf"/>
      </object_component>
      <object_component id="oc-5b">
         <name>.debug_frame</name>
         <load_address>0x12a0</load_address>
         <run_address>0x12a0</run_address>
         <size>0x50</size>
         <input_file_ref idref="fl-c2"/>
      </object_component>
      <object_component id="oc-132">
         <name>.debug_frame</name>
         <load_address>0x12f0</load_address>
         <run_address>0x12f0</run_address>
         <size>0x5c</size>
         <input_file_ref idref="fl-c5"/>
      </object_component>
      <object_component id="oc-9a">
         <name>.debug_frame</name>
         <load_address>0x134c</load_address>
         <run_address>0x134c</run_address>
         <size>0x54</size>
         <input_file_ref idref="fl-c6"/>
      </object_component>
      <object_component id="oc-126">
         <name>.debug_frame</name>
         <load_address>0x13a0</load_address>
         <run_address>0x13a0</run_address>
         <size>0x54</size>
         <input_file_ref idref="fl-c8"/>
      </object_component>
      <object_component id="oc-190">
         <name>.debug_frame</name>
         <load_address>0x13f4</load_address>
         <run_address>0x13f4</run_address>
         <size>0x54</size>
         <input_file_ref idref="fl-cb"/>
      </object_component>
      <object_component id="oc-1a5">
         <name>.debug_frame</name>
         <load_address>0x1448</load_address>
         <run_address>0x1448</run_address>
         <size>0x54</size>
         <input_file_ref idref="fl-cb"/>
      </object_component>
      <object_component id="oc-181">
         <name>.debug_frame</name>
         <load_address>0x149c</load_address>
         <run_address>0x149c</run_address>
         <size>0x54</size>
         <input_file_ref idref="fl-cc"/>
      </object_component>
      <object_component id="oc-e5">
         <name>.debug_frame</name>
         <load_address>0x14f0</load_address>
         <run_address>0x14f0</run_address>
         <size>0x54</size>
         <input_file_ref idref="fl-cc"/>
      </object_component>
      <object_component id="oc-d3">
         <name>.debug_frame</name>
         <load_address>0x1544</load_address>
         <run_address>0x1544</run_address>
         <size>0x60</size>
         <input_file_ref idref="fl-cc"/>
      </object_component>
      <object_component id="oc-fd">
         <name>.debug_frame</name>
         <load_address>0x15a4</load_address>
         <run_address>0x15a4</run_address>
         <size>0x58</size>
         <input_file_ref idref="fl-cc"/>
      </object_component>
      <object_component id="oc-d8">
         <name>.debug_frame</name>
         <load_address>0x15fc</load_address>
         <run_address>0x15fc</run_address>
         <size>0x54</size>
         <input_file_ref idref="fl-cc"/>
      </object_component>
      <object_component id="oc-df">
         <name>.debug_frame</name>
         <load_address>0x1650</load_address>
         <run_address>0x1650</run_address>
         <size>0x54</size>
         <input_file_ref idref="fl-cc"/>
      </object_component>
      <object_component id="oc-f7">
         <name>.debug_frame</name>
         <load_address>0x16a4</load_address>
         <run_address>0x16a4</run_address>
         <size>0x54</size>
         <input_file_ref idref="fl-cd"/>
      </object_component>
      <object_component id="oc-1af">
         <name>.debug_frame</name>
         <load_address>0x16f8</load_address>
         <run_address>0x16f8</run_address>
         <size>0x5c</size>
         <input_file_ref idref="fl-cd"/>
      </object_component>
      <object_component id="oc-109">
         <name>.debug_frame</name>
         <load_address>0x1754</load_address>
         <run_address>0x1754</run_address>
         <size>0x5c</size>
         <input_file_ref idref="fl-cd"/>
      </object_component>
      <object_component id="oc-103">
         <name>.debug_frame</name>
         <load_address>0x17b0</load_address>
         <run_address>0x17b0</run_address>
         <size>0x54</size>
         <input_file_ref idref="fl-cd"/>
      </object_component>
      <object_component id="oc-10f">
         <name>.debug_frame</name>
         <load_address>0x1804</load_address>
         <run_address>0x1804</run_address>
         <size>0x54</size>
         <input_file_ref idref="fl-cd"/>
      </object_component>
      <object_component id="oc-11a">
         <name>.debug_frame</name>
         <load_address>0x1858</load_address>
         <run_address>0x1858</run_address>
         <size>0x54</size>
         <input_file_ref idref="fl-cd"/>
      </object_component>
      <object_component id="oc-f0">
         <name>.debug_frame</name>
         <load_address>0x18ac</load_address>
         <run_address>0x18ac</run_address>
         <size>0x58</size>
         <input_file_ref idref="fl-cd"/>
      </object_component>
      <object_component id="oc-160">
         <name>.debug_abbrev</name>
         <load_address>0x0</load_address>
         <run_address>0x0</run_address>
         <size>0xb4</size>
         <input_file_ref idref="fl-2"/>
      </object_component>
      <object_component id="oc-1e8">
         <name>.debug_abbrev</name>
         <load_address>0xb4</load_address>
         <run_address>0xb4</run_address>
         <size>0x27</size>
         <input_file_ref idref="fl-2"/>
      </object_component>
      <object_component id="oc-1ea">
         <name>.debug_abbrev</name>
         <load_address>0xdb</load_address>
         <run_address>0xdb</run_address>
         <size>0x27</size>
         <input_file_ref idref="fl-2"/>
      </object_component>
      <object_component id="oc-1ec">
         <name>.debug_abbrev</name>
         <load_address>0x102</load_address>
         <run_address>0x102</run_address>
         <size>0x27</size>
         <input_file_ref idref="fl-2"/>
      </object_component>
      <object_component id="oc-1f1">
         <name>.debug_abbrev</name>
         <load_address>0x129</load_address>
         <run_address>0x129</run_address>
         <size>0x27</size>
         <input_file_ref idref="fl-2"/>
      </object_component>
      <object_component id="oc-1f5">
         <name>.debug_abbrev</name>
         <load_address>0x150</load_address>
         <run_address>0x150</run_address>
         <size>0x27</size>
         <input_file_ref idref="fl-2"/>
      </object_component>
      <object_component id="oc-1ee">
         <name>.debug_abbrev</name>
         <load_address>0x177</load_address>
         <run_address>0x177</run_address>
         <size>0x27</size>
         <input_file_ref idref="fl-2"/>
      </object_component>
      <object_component id="oc-1f3">
         <name>.debug_abbrev</name>
         <load_address>0x19e</load_address>
         <run_address>0x19e</run_address>
         <size>0x27</size>
         <input_file_ref idref="fl-2"/>
      </object_component>
      <object_component id="oc-19e">
         <name>.debug_abbrev</name>
         <load_address>0x1c5</load_address>
         <run_address>0x1c5</run_address>
         <size>0x15b</size>
         <input_file_ref idref="fl-2"/>
      </object_component>
      <object_component id="oc-163">
         <name>.debug_abbrev</name>
         <load_address>0x320</load_address>
         <run_address>0x320</run_address>
         <size>0x38</size>
         <input_file_ref idref="fl-2"/>
      </object_component>
      <object_component id="oc-72">
         <name>.debug_abbrev</name>
         <load_address>0x358</load_address>
         <run_address>0x358</run_address>
         <size>0x69</size>
         <input_file_ref idref="fl-2"/>
      </object_component>
      <object_component id="oc-b4">
         <name>.debug_abbrev</name>
         <load_address>0x3c1</load_address>
         <run_address>0x3c1</run_address>
         <size>0x1f</size>
         <input_file_ref idref="fl-2"/>
      </object_component>
      <object_component id="oc-af">
         <name>.debug_abbrev</name>
         <load_address>0x3e0</load_address>
         <run_address>0x3e0</run_address>
         <size>0x5c</size>
         <input_file_ref idref="fl-2"/>
      </object_component>
      <object_component id="oc-11f">
         <name>.debug_abbrev</name>
         <load_address>0x43c</load_address>
         <run_address>0x43c</run_address>
         <size>0x24</size>
         <input_file_ref idref="fl-2"/>
      </object_component>
      <object_component id="oc-77">
         <name>.debug_abbrev</name>
         <load_address>0x460</load_address>
         <run_address>0x460</run_address>
         <size>0x24</size>
         <input_file_ref idref="fl-2"/>
      </object_component>
      <object_component id="oc-1b2">
         <name>.debug_abbrev</name>
         <load_address>0x484</load_address>
         <run_address>0x484</run_address>
         <size>0xf3</size>
         <input_file_ref idref="fl-3"/>
      </object_component>
      <object_component id="oc-166">
         <name>.debug_abbrev</name>
         <load_address>0x577</load_address>
         <run_address>0x577</run_address>
         <size>0x27</size>
         <input_file_ref idref="fl-3"/>
      </object_component>
      <object_component id="oc-168">
         <name>.debug_abbrev</name>
         <load_address>0x59e</load_address>
         <run_address>0x59e</run_address>
         <size>0x27</size>
         <input_file_ref idref="fl-3"/>
      </object_component>
      <object_component id="oc-11c">
         <name>.debug_abbrev</name>
         <load_address>0x5c5</load_address>
         <run_address>0x5c5</run_address>
         <size>0x132</size>
         <input_file_ref idref="fl-3"/>
      </object_component>
      <object_component id="oc-6e">
         <name>.debug_abbrev</name>
         <load_address>0x6f7</load_address>
         <run_address>0x6f7</run_address>
         <size>0x68</size>
         <input_file_ref idref="fl-4"/>
      </object_component>
      <object_component id="oc-2d">
         <name>.debug_abbrev</name>
         <load_address>0x75f</load_address>
         <run_address>0x75f</run_address>
         <size>0x29</size>
         <input_file_ref idref="fl-4"/>
      </object_component>
      <object_component id="oc-6d">
         <name>.debug_abbrev</name>
         <load_address>0x788</load_address>
         <run_address>0x788</run_address>
         <size>0x79</size>
         <input_file_ref idref="fl-4"/>
      </object_component>
      <object_component id="oc-38">
         <name>.debug_abbrev</name>
         <load_address>0x801</load_address>
         <run_address>0x801</run_address>
         <size>0x1f</size>
         <input_file_ref idref="fl-4"/>
      </object_component>
      <object_component id="oc-c4">
         <name>.debug_abbrev</name>
         <load_address>0x820</load_address>
         <run_address>0x820</run_address>
         <size>0x5d</size>
         <input_file_ref idref="fl-bf"/>
      </object_component>
      <object_component id="oc-88">
         <name>.debug_abbrev</name>
         <load_address>0x87d</load_address>
         <run_address>0x87d</run_address>
         <size>0x6f</size>
         <input_file_ref idref="fl-bf"/>
      </object_component>
      <object_component id="oc-8b">
         <name>.debug_abbrev</name>
         <load_address>0x8ec</load_address>
         <run_address>0x8ec</run_address>
         <size>0x24</size>
         <input_file_ref idref="fl-bf"/>
      </object_component>
      <object_component id="oc-c1">
         <name>.debug_abbrev</name>
         <load_address>0x910</load_address>
         <run_address>0x910</run_address>
         <size>0x24</size>
         <input_file_ref idref="fl-bf"/>
      </object_component>
      <object_component id="oc-6b">
         <name>.debug_abbrev</name>
         <load_address>0x934</load_address>
         <run_address>0x934</run_address>
         <size>0x29</size>
         <input_file_ref idref="fl-c2"/>
      </object_component>
      <object_component id="oc-a4">
         <name>.debug_abbrev</name>
         <load_address>0x95d</load_address>
         <run_address>0x95d</run_address>
         <size>0x55</size>
         <input_file_ref idref="fl-c2"/>
      </object_component>
      <object_component id="oc-214">
         <name>.debug_abbrev</name>
         <load_address>0x9b2</load_address>
         <run_address>0x9b2</run_address>
         <size>0xc0</size>
         <input_file_ref idref="fl-c5"/>
      </object_component>
      <object_component id="oc-1bf">
         <name>.debug_abbrev</name>
         <load_address>0xa72</load_address>
         <run_address>0xa72</run_address>
         <size>0x7e</size>
         <input_file_ref idref="fl-c5"/>
      </object_component>
      <object_component id="oc-218">
         <name>.debug_abbrev</name>
         <load_address>0xaf0</load_address>
         <run_address>0xaf0</run_address>
         <size>0x24</size>
         <input_file_ref idref="fl-c5"/>
      </object_component>
      <object_component id="oc-231">
         <name>.debug_abbrev</name>
         <load_address>0xb14</load_address>
         <run_address>0xb14</run_address>
         <size>0x24</size>
         <input_file_ref idref="fl-c5"/>
      </object_component>
      <object_component id="oc-21d">
         <name>.debug_abbrev</name>
         <load_address>0xb38</load_address>
         <run_address>0xb38</run_address>
         <size>0x24</size>
         <input_file_ref idref="fl-c5"/>
      </object_component>
      <object_component id="oc-222">
         <name>.debug_abbrev</name>
         <load_address>0xb5c</load_address>
         <run_address>0xb5c</run_address>
         <size>0x4b</size>
         <input_file_ref idref="fl-c5"/>
      </object_component>
      <object_component id="oc-c7">
         <name>.debug_abbrev</name>
         <load_address>0xba7</load_address>
         <run_address>0xba7</run_address>
         <size>0x55</size>
         <input_file_ref idref="fl-c6"/>
      </object_component>
      <object_component id="oc-1b5">
         <name>.debug_abbrev</name>
         <load_address>0xbfc</load_address>
         <run_address>0xbfc</run_address>
         <size>0x45</size>
         <input_file_ref idref="fl-c8"/>
      </object_component>
      <object_component id="oc-23b">
         <name>.debug_abbrev</name>
         <load_address>0xc41</load_address>
         <run_address>0xc41</run_address>
         <size>0x27</size>
         <input_file_ref idref="fl-cb"/>
      </object_component>
      <object_component id="oc-1f0">
         <name>.debug_abbrev</name>
         <load_address>0xc68</load_address>
         <run_address>0xc68</run_address>
         <size>0x50</size>
         <input_file_ref idref="fl-cb"/>
      </object_component>
      <object_component id="oc-1f9">
         <name>.debug_abbrev</name>
         <load_address>0xcb8</load_address>
         <run_address>0xcb8</run_address>
         <size>0x52</size>
         <input_file_ref idref="fl-cb"/>
      </object_component>
      <object_component id="oc-1e0">
         <name>.debug_abbrev</name>
         <load_address>0xd0a</load_address>
         <run_address>0xd0a</run_address>
         <size>0x69</size>
         <input_file_ref idref="fl-cb"/>
      </object_component>
      <object_component id="oc-1d9">
         <name>.debug_abbrev</name>
         <load_address>0xd73</load_address>
         <run_address>0xd73</run_address>
         <size>0x5c</size>
         <input_file_ref idref="fl-cb"/>
      </object_component>
      <object_component id="oc-203">
         <name>.debug_abbrev</name>
         <load_address>0xdcf</load_address>
         <run_address>0xdcf</run_address>
         <size>0x24</size>
         <input_file_ref idref="fl-cb"/>
      </object_component>
      <object_component id="oc-170">
         <name>.debug_abbrev</name>
         <load_address>0xdf3</load_address>
         <run_address>0xdf3</run_address>
         <size>0x24</size>
         <input_file_ref idref="fl-cb"/>
      </object_component>
      <object_component id="oc-1dc">
         <name>.debug_abbrev</name>
         <load_address>0xe17</load_address>
         <run_address>0xe17</run_address>
         <size>0x99</size>
         <input_file_ref idref="fl-cc"/>
      </object_component>
      <object_component id="oc-1e3">
         <name>.debug_abbrev</name>
         <load_address>0xeb0</load_address>
         <run_address>0xeb0</run_address>
         <size>0x27</size>
         <input_file_ref idref="fl-cc"/>
      </object_component>
      <object_component id="oc-1e5">
         <name>.debug_abbrev</name>
         <load_address>0xed7</load_address>
         <run_address>0xed7</run_address>
         <size>0x27</size>
         <input_file_ref idref="fl-cc"/>
      </object_component>
      <object_component id="oc-1d5">
         <name>.debug_abbrev</name>
         <load_address>0xefe</load_address>
         <run_address>0xefe</run_address>
         <size>0x29</size>
         <input_file_ref idref="fl-cc"/>
      </object_component>
      <object_component id="oc-1e7">
         <name>.debug_abbrev</name>
         <load_address>0xf27</load_address>
         <run_address>0xf27</run_address>
         <size>0x40</size>
         <input_file_ref idref="fl-cc"/>
      </object_component>
      <object_component id="oc-182">
         <name>.debug_abbrev</name>
         <load_address>0xf67</load_address>
         <run_address>0xf67</run_address>
         <size>0x6c</size>
         <input_file_ref idref="fl-cc"/>
      </object_component>
      <object_component id="oc-16d">
         <name>.debug_abbrev</name>
         <load_address>0xfd3</load_address>
         <run_address>0xfd3</run_address>
         <size>0x6c</size>
         <input_file_ref idref="fl-cc"/>
      </object_component>
      <object_component id="oc-1a8">
         <name>.debug_abbrev</name>
         <load_address>0x103f</load_address>
         <run_address>0x103f</run_address>
         <size>0x60</size>
         <input_file_ref idref="fl-cc"/>
      </object_component>
      <object_component id="oc-177">
         <name>.debug_abbrev</name>
         <load_address>0x109f</load_address>
         <run_address>0x109f</run_address>
         <size>0x6c</size>
         <input_file_ref idref="fl-cc"/>
      </object_component>
      <object_component id="oc-17b">
         <name>.debug_abbrev</name>
         <load_address>0x110b</load_address>
         <run_address>0x110b</run_address>
         <size>0x6c</size>
         <input_file_ref idref="fl-cc"/>
      </object_component>
      <object_component id="oc-1f7">
         <name>.debug_abbrev</name>
         <load_address>0x1177</load_address>
         <run_address>0x1177</run_address>
         <size>0x7d</size>
         <input_file_ref idref="fl-cd"/>
      </object_component>
      <object_component id="oc-228">
         <name>.debug_abbrev</name>
         <load_address>0x11f4</load_address>
         <run_address>0x11f4</run_address>
         <size>0x27</size>
         <input_file_ref idref="fl-cd"/>
      </object_component>
      <object_component id="oc-22a">
         <name>.debug_abbrev</name>
         <load_address>0x121b</load_address>
         <run_address>0x121b</run_address>
         <size>0x27</size>
         <input_file_ref idref="fl-cd"/>
      </object_component>
      <object_component id="oc-1a1">
         <name>.debug_abbrev</name>
         <load_address>0x1242</load_address>
         <run_address>0x1242</run_address>
         <size>0x6c</size>
         <input_file_ref idref="fl-cd"/>
      </object_component>
      <object_component id="oc-200">
         <name>.debug_abbrev</name>
         <load_address>0x12ae</load_address>
         <run_address>0x12ae</run_address>
         <size>0x6c</size>
         <input_file_ref idref="fl-cd"/>
      </object_component>
      <object_component id="oc-1b0">
         <name>.debug_abbrev</name>
         <load_address>0x131a</load_address>
         <run_address>0x131a</run_address>
         <size>0x7a</size>
         <input_file_ref idref="fl-cd"/>
      </object_component>
      <object_component id="oc-1a9">
         <name>.debug_abbrev</name>
         <load_address>0x1394</load_address>
         <run_address>0x1394</run_address>
         <size>0x6c</size>
         <input_file_ref idref="fl-cd"/>
      </object_component>
      <object_component id="oc-1b1">
         <name>.debug_abbrev</name>
         <load_address>0x1400</load_address>
         <run_address>0x1400</run_address>
         <size>0x6c</size>
         <input_file_ref idref="fl-cd"/>
      </object_component>
      <object_component id="oc-1b4">
         <name>.debug_abbrev</name>
         <load_address>0x146c</load_address>
         <run_address>0x146c</run_address>
         <size>0x6c</size>
         <input_file_ref idref="fl-cd"/>
      </object_component>
      <object_component id="oc-19f">
         <name>.debug_abbrev</name>
         <load_address>0x14d8</load_address>
         <run_address>0x14d8</run_address>
         <size>0x6c</size>
         <input_file_ref idref="fl-cd"/>
      </object_component>
      <object_component id="oc-26d">
         <name>.debug_abbrev</name>
         <load_address>0x1544</load_address>
         <run_address>0x1544</run_address>
         <size>0xf</size>
      </object_component>
      <object_component id="oc-165">
         <name>.debug_str</name>
         <load_address>0x0</load_address>
         <run_address>0x0</run_address>
         <size>0xe6</size>
         <input_file_ref idref="fl-2"/>
      </object_component>
      <object_component id="oc-74">
         <name>.debug_str</name>
         <load_address>0xe6</load_address>
         <run_address>0xe6</run_address>
         <size>0x2b2</size>
         <input_file_ref idref="fl-2"/>
      </object_component>
      <object_component id="oc-b6">
         <name>.debug_str</name>
         <load_address>0x398</load_address>
         <run_address>0x398</run_address>
         <size>0xfd</size>
         <input_file_ref idref="fl-2"/>
      </object_component>
      <object_component id="oc-b1">
         <name>.debug_str</name>
         <load_address>0x495</load_address>
         <run_address>0x495</run_address>
         <size>0x348</size>
         <input_file_ref idref="fl-2"/>
      </object_component>
      <object_component id="oc-121">
         <name>.debug_str</name>
         <load_address>0x7dd</load_address>
         <run_address>0x7dd</run_address>
         <size>0x1bd</size>
         <input_file_ref idref="fl-2"/>
      </object_component>
      <object_component id="oc-79">
         <name>.debug_str</name>
         <load_address>0x99a</load_address>
         <run_address>0x99a</run_address>
         <size>0x14a</size>
         <input_file_ref idref="fl-2"/>
      </object_component>
      <object_component id="oc-3a">
         <name>.debug_str</name>
         <load_address>0xae4</load_address>
         <run_address>0xae4</run_address>
         <size>0xfd</size>
         <input_file_ref idref="fl-4"/>
      </object_component>
      <object_component id="oc-8d">
         <name>.debug_str</name>
         <load_address>0xbe1</load_address>
         <run_address>0xbe1</run_address>
         <size>0x105</size>
         <input_file_ref idref="fl-bf"/>
      </object_component>
      <object_component id="oc-c3">
         <name>.debug_str</name>
         <load_address>0xce6</load_address>
         <run_address>0xce6</run_address>
         <size>0x140</size>
         <input_file_ref idref="fl-bf"/>
      </object_component>
      <object_component id="oc-21a">
         <name>.debug_str</name>
         <load_address>0xe26</load_address>
         <run_address>0xe26</run_address>
         <size>0xed</size>
         <input_file_ref idref="fl-c5"/>
      </object_component>
      <object_component id="oc-233">
         <name>.debug_str</name>
         <load_address>0xf13</load_address>
         <run_address>0xf13</run_address>
         <size>0x157</size>
         <input_file_ref idref="fl-c5"/>
      </object_component>
      <object_component id="oc-21f">
         <name>.debug_str</name>
         <load_address>0x106a</load_address>
         <run_address>0x106a</run_address>
         <size>0x150</size>
         <input_file_ref idref="fl-c5"/>
      </object_component>
      <object_component id="oc-224">
         <name>.debug_str</name>
         <load_address>0x11ba</load_address>
         <run_address>0x11ba</run_address>
         <size>0x197</size>
         <input_file_ref idref="fl-c5"/>
      </object_component>
      <object_component id="oc-1e2">
         <name>.debug_str</name>
         <load_address>0x1351</load_address>
         <run_address>0x1351</run_address>
         <size>0x2df</size>
         <input_file_ref idref="fl-cb"/>
      </object_component>
      <object_component id="oc-1db">
         <name>.debug_str</name>
         <load_address>0x1630</load_address>
         <run_address>0x1630</run_address>
         <size>0x36e</size>
         <input_file_ref idref="fl-cb"/>
      </object_component>
      <object_component id="oc-205">
         <name>.debug_str</name>
         <load_address>0x199e</load_address>
         <run_address>0x199e</run_address>
         <size>0x1ea</size>
         <input_file_ref idref="fl-cb"/>
      </object_component>
      <object_component id="oc-172">
         <name>.debug_str</name>
         <load_address>0x1b88</load_address>
         <run_address>0x1b88</run_address>
         <size>0x177</size>
         <input_file_ref idref="fl-cb"/>
      </object_component>
      <object_component id="oc-e9">
         <name>.debug_aranges</name>
         <load_address>0x0</load_address>
         <run_address>0x0</run_address>
         <size>0x3b0</size>
         <input_file_ref idref="fl-2"/>
      </object_component>
      <object_component id="oc-9c">
         <name>.debug_aranges</name>
         <load_address>0x3b0</load_address>
         <run_address>0x3b0</run_address>
         <size>0x1f8</size>
         <input_file_ref idref="fl-3"/>
      </object_component>
      <object_component id="oc-2a">
         <name>.debug_aranges</name>
         <load_address>0x5a8</load_address>
         <run_address>0x5a8</run_address>
         <size>0x38</size>
         <input_file_ref idref="fl-4"/>
      </object_component>
      <object_component id="oc-4a">
         <name>.debug_aranges</name>
         <load_address>0x5e0</load_address>
         <run_address>0x5e0</run_address>
         <size>0x20</size>
         <input_file_ref idref="fl-bf"/>
      </object_component>
      <object_component id="oc-5a">
         <name>.debug_aranges</name>
         <load_address>0x600</load_address>
         <run_address>0x600</run_address>
         <size>0x20</size>
         <input_file_ref idref="fl-c2"/>
      </object_component>
      <object_component id="oc-130">
         <name>.debug_aranges</name>
         <load_address>0x620</load_address>
         <run_address>0x620</run_address>
         <size>0x20</size>
         <input_file_ref idref="fl-c5"/>
      </object_component>
      <object_component id="oc-97">
         <name>.debug_aranges</name>
         <load_address>0x640</load_address>
         <run_address>0x640</run_address>
         <size>0x20</size>
[...]
         <object_component_ref idref="oc-e6"/>
      </symbol>
      <symbol id="sm-28f">
         <name>GPIOPinRead</name>
         <value>0x97f</value>
         <object_component_ref idref="oc-e6"/>
      </symbol>
      <symbol id="sm-290">
         <name>GPIODirModeSet</name>
         <value>0x2cb</value>
         <object_component_ref idref="oc-e6"/>
      </symbol>
      <symbol id="sm-291">
         <name>SysCtlGPIOAHBDisable</name>
         <value>0x1c43</value>
         <object_component_ref idref="oc-e6"/>
      </symbol>
      <symbol id="sm-292">
         <name>SysCtlSRAMSizeGet</name>
         <value>0xf35</value>
         <object_component_ref idref="oc-e6"/>
      </symbol>
      <symbol id="sm-293">
         <name>SysCtlClockGet</name>
         <value>0x19ad</value>
         <object_component_ref idref="oc-e6"/>
      </symbol>
      <symbol id="sm-294">
         <name>lcdkarakteryaz</name>
         <value>0x1fc9</value>
         <object_component_ref idref="oc-e6"/>
      </symbol>
      <symbol id="sm-295">
         <name>lcdfonksiyonayarla</name>
         <value>0x1f31</value>
         <object_component_ref idref="oc-e6"/>
      </symbol>
      <symbol id="sm-296">
         <name>SysCtlPeripheralDisable</name>
         <value>0x1159</value>
         <object_component_ref idref="oc-e6"/>
      </symbol>
      <symbol id="sm-297">
         <name>GPIOPinTypeQEI</name>
         <value>0xc21</value>
         <object_component_ref idref="oc-e6"/>
      </symbol>
      <symbol id="sm-298">
         <name>GPIOPinTypeHibernateRTCCLK</name>
         <value>0xb49</value>
         <object_component_ref idref="oc-e6"/>
      </symbol>
      <symbol id="sm-299">
         <name>GPIODMATriggerEnable</name>
         <value>0xdd7</value>
         <object_component_ref idref="oc-e6"/>
      </symbol>
      <symbol id="sm-29a">
         <name>GPIOPinTypeEthernetMII</name>
         <value>0xab3</value>
         <object_component_ref idref="oc-e6"/>
      </symbol>
      <symbol id="sm-29b">
         <name>GPIOPinWrite</name>
         <value>0x997</value>
         <object_component_ref idref="oc-e6"/>
      </symbol>
      <symbol id="sm-29c">
         <name>SysCtlPWMClockSet</name>
         <value>0x1bf7</value>
         <object_component_ref idref="oc-e6"/>
      </symbol>
      <symbol id="sm-29d">
         <name>GPIOPadConfigSet</name>
         <value>0x4a1</value>
         <object_component_ref idref="oc-e6"/>
      </symbol>
      <symbol id="sm-29e">
         <name>GPIOPinTypeLCD</name>
         <value>0xbb5</value>
         <object_component_ref idref="oc-e6"/>
      </symbol>
      <symbol id="sm-29f">
         <name>GPIOPinTypeSSI</name>
         <value>0xc45</value>
         <object_component_ref idref="oc-e6"/>
      </symbol>
      <symbol id="sm-2a0">
         <name>SysCtlUSBPLLEnable</name>
         <value>0x1c5f</value>
         <object_component_ref idref="oc-e6"/>
      </symbol>
      <symbol id="sm-2a1">
         <name>SysCtlPeripheralSleepEnable</name>
         <value>0x119d</value>
         <object_component_ref idref="oc-e6"/>
      </symbol>
      <symbol id="sm-2a2">
         <name>SysCtlIntUnregister</name>
         <value>0x1321</value>
         <object_component_ref idref="oc-e6"/>
      </symbol>
      <symbol id="sm-2a3">
         <name>GPIOPinTypeTimer</name>
         <value>0xc69</value>
         <object_component_ref idref="oc-e6"/>
      </symbol>
      <symbol id="sm-2a4">
         <name>GPIOPinTypeCAN</name>
         <value>0x9db</value>
         <object_component_ref idref="oc-e6"/>
      </symbol>
      <symbol id="sm-2a5">
         <name>SysCtlUSBPLLDisable</name>
         <value>0x1c6b</value>
         <object_component_ref idref="oc-e6"/>
      </symbol>
      <symbol id="sm-2a6">
         <name>lcdkomut</name>
         <value>0x1e09</value>
         <object_component_ref idref="oc-e6"/>
      </symbol>
      <symbol id="sm-2a7">
         <name>LCDSaatYaz</name>
         <value>0x20c1</value>
         <object_component_ref idref="oc-e6"/>
      </symbol>
      <symbol id="sm-2a8">
         <name>SysCtlPeripheralReady</name>
         <value>0xfd1</value>
         <object_component_ref idref="oc-e6"/>
      </symbol>
      <symbol id="sm-2a9">
         <name>SysCtlPIOSCCalibrate</name>
         <value>0x1435</value>
         <object_component_ref idref="oc-e6"/>
      </symbol>
      <symbol id="sm-2aa">
         <name>SysCtlResetCauseClear</name>
         <value>0x140b</value>
         <object_component_ref idref="oc-e6"/>
      </symbol>
      <symbol id="sm-2ab">
         <name>SysCtlLDOSleepGet</name>
         <value>0x1399</value>
         <object_component_ref idref="oc-e6"/>
      </symbol>
      <symbol id="sm-2ac">
         <name>SysCtlClockFreqSet</name>
         <value>0x14e5</value>
         <object_component_ref idref="oc-e6"/>
      </symbol>
      <symbol id="sm-2ad">
         <name>SysCtlPeripheralReset</name>
         <value>0x1091</value>
         <object_component_ref idref="oc-e6"/>
      </symbol>
      <symbol id="sm-2ae">
         <name>GPIOPinTypeEPI</name>
         <value>0xa6b</value>
         <object_component_ref idref="oc-e6"/>
      </symbol>
      <symbol id="sm-2af">
         <name>GPIOPinTypeEthernetLED</name>
         <value>0xa8f</value>
         <object_component_ref idref="oc-e6"/>
      </symbol>
      <symbol id="sm-2b0">
         <name>GPIOUnlockPin</name>
         <value>0xe4f</value>
         <object_component_ref idref="oc-e6"/>
      </symbol>
      <symbol id="sm-2b1">
         <name>GPIOPinWakeStatus</name>
         <value>0xd69</value>
         <object_component_ref idref="oc-e6"/>
      </symbol>
      <symbol id="sm-354">
         <name>saat</name>
         <value>0x20000474</value>
      </symbol>
      <symbol id="sm-355">
         <name>dakika</name>
         <value>0x20000470</value>
      </symbol>
      <symbol id="sm-356">
         <name>saniye</name>
         <value>0x20000478</value>
      </symbol>
      <symbol id="sm-357">
         <name>UARTClockSourceGet</name>
         <value>0x26ef</value>
         <object_component_ref idref="oc-9b"/>
      </symbol>
      <symbol id="sm-358">
         <name>UARTCharPutNonBlocking</name>
         <value>0x2561</value>
         <object_component_ref idref="oc-9b"/>
      </symbol>
      <symbol id="sm-359">
         <name>UARTDMAEnable</name>
         <value>0x2689</value>
         <object_component_ref idref="oc-9b"/>
      </symbol>
      <symbol id="sm-35a">
         <name>UARTTxIntModeSet</name>
         <value>0x24c5</value>
         <object_component_ref idref="oc-9b"/>
      </symbol>
      <symbol id="sm-35b">
         <name>UARTFIFODisable</name>
         <value>0x2373</value>
         <object_component_ref idref="oc-9b"/>
      </symbol>
      <symbol id="sm-35c">
         <name>uart_ayari</name>
         <value>0x2ac1</value>
         <object_component_ref idref="oc-9b"/>
      </symbol>
      <symbol id="sm-35d">
         <name>UARTIntUnregister</name>
         <value>0x2609</value>
         <object_component_ref idref="oc-9b"/>
      </symbol>
      <symbol id="sm-35e">
         <name>serikesme</name>
         <value>0x2b4d</value>
         <object_component_ref idref="oc-9b"/>
      </symbol>
      <symbol id="sm-35f">
         <name>UARTRxErrorClear</name>
         <value>0x26cb</value>
         <object_component_ref idref="oc-9b"/>
      </symbol>
      <symbol id="sm-360">
         <name>UARTModemControlSet</name>
         <value>0x2415</value>
         <object_component_ref idref="oc-9b"/>
      </symbol>
      <symbol id="sm-361">
         <name>UARTFlowControlSet</name>
         <value>0x2497</value>
         <object_component_ref idref="oc-9b"/>
      </symbol>
      <symbol id="sm-362">
         <name>UARTConfigSetExpClk</name>
         <value>0x224d</value>
         <object_component_ref idref="oc-9b"/>
      </symbol>
      <symbol id="sm-363">
         <name>UARTSmartCardDisable</name>
         <value>0x23ff</value>
         <object_component_ref idref="oc-9b"/>
      </symbol>
      <symbol id="sm-364">
         <name>UARTDisable</name>
         <value>0x2333</value>
         <object_component_ref idref="oc-9b"/>
      </symbol>
      <symbol id="sm-365">
         <name>UART9BitDisable</name>
         <value>0x2715</value>
         <object_component_ref idref="oc-9b"/>
      </symbol>
      <symbol id="sm-366">
         <name>diger_ayar</name>
         <value>0x2b1d</value>
         <object_component_ref idref="oc-9b"/>
      </symbol>
      <symbol id="sm-367">
         <name>UARTFIFOLevelGet</name>
         <value>0x2225</value>
         <object_component_ref idref="oc-9b"/>
      </symbol>
      <symbol id="sm-368">
         <name>UARTBusy</name>
         <value>0x25cd</value>
         <object_component_ref idref="oc-9b"/>
      </symbol>
      <symbol id="sm-369">
         <name>UARTDisableSIR</name>
         <value>0x23b7</value>
         <object_component_ref idref="oc-9b"/>
      </symbol>
      <symbol id="sm-36a">
         <name>UARTLoopbackEnable</name>
         <value>0x2799</value>
         <object_component_ref idref="oc-9b"/>
      </symbol>
      <symbol id="sm-36b">
         <name>UARTIntEnable</name>
         <value>0x2629</value>
         <object_component_ref idref="oc-9b"/>
      </symbol>
      <symbol id="sm-36c">
         <name>lcd_command</name>
         <value>0x2929</value>
         <object_component_ref idref="oc-9b"/>
      </symbol>
      <symbol id="sm-36d">
         <name>UARTCharsAvail</name>
         <value>0x24f3</value>
         <object_component_ref idref="oc-9b"/>
      </symbol>
      <symbol id="sm-36e">
         <name>main</name>
         <value>0x27af</value>
         <object_component_ref idref="oc-9b"/>
      </symbol>
      <symbol id="sm-36f">
         <name>UARTCharGetNonBlocking</name>
         <value>0x252f</value>
         <object_component_ref idref="oc-9b"/>
      </symbol>
      <symbol id="sm-370">
         <name>UARTClockSourceSet</name>
         <value>0x26db</value>
         <object_component_ref idref="oc-9b"/>
      </symbol>
      <symbol id="sm-371">
         <name>UARTTxIntModeGet</name>
         <value>0x24e1</value>
         <object_component_ref idref="oc-9b"/>
      </symbol>
      <symbol id="sm-372">
         <name>UARTModemStatusGet</name>
         <value>0x2483</value>
         <object_component_ref idref="oc-9b"/>
      </symbol>
      <symbol id="sm-373">
         <name>delayMs</name>
         <value>0x2aa7</value>
         <object_component_ref idref="oc-9b"/>
      </symbol>
      <symbol id="sm-374">
         <name>UARTIntDisable</name>
         <value>0x2641</value>
         <object_component_ref idref="oc-9b"/>
      </symbol>
      <symbol id="sm-375">
         <name>UARTCharPut</name>
         <value>0x2585</value>
         <object_component_ref idref="oc-9b"/>
      </symbol>
      <symbol id="sm-376">
         <name>UARTParityModeSet</name>
         <value>0x21df</value>
         <object_component_ref idref="oc-9b"/>
      </symbol>
      <symbol id="sm-377">
         <name>UARTRxErrorGet</name>
         <value>0x26b9</value>
         <object_component_ref idref="oc-9b"/>
      </symbol>
      <symbol id="sm-378">
         <name>UARTConfigGetExpClk</name>
         <value>0x22c3</value>
         <object_component_ref idref="oc-9b"/>
      </symbol>
      <symbol id="sm-379">
         <name>UARTEnableSIR</name>
         <value>0x2389</value>
         <object_component_ref idref="oc-9b"/>
      </symbol>
      <symbol id="sm-37a">
         <name>UARTEnable</name>
         <value>0x230f</value>
         <object_component_ref idref="oc-9b"/>
      </symbol>
      <symbol id="sm-37b">
         <name>UART9BitAddrSend</name>
         <value>0x2751</value>
         <object_component_ref idref="oc-9b"/>
      </symbol>
      <symbol id="sm-37c">
         <name>lcd_data</name>
         <value>0x2999</value>
         <object_component_ref idref="oc-9b"/>
      </symbol>
      <symbol id="sm-37d">
         <name>UARTModemControlGet</name>
         <value>0x2471</value>
         <object_component_ref idref="oc-9b"/>
      </symbol>
      <symbol id="sm-37e">
         <name>UARTSmartCardEnable</name>
         <value>0x23cd</value>
         <object_component_ref idref="oc-9b"/>
      </symbol>
      <symbol id="sm-37f">
         <name>UARTFlowControlGet</name>
         <value>0x24b3</value>
         <object_component_ref idref="oc-9b"/>
      </symbol>
      <symbol id="sm-380">
         <name>UARTFIFOEnable</name>
         <value>0x235d</value>
         <object_component_ref idref="oc-9b"/>
      </symbol>
      <symbol id="sm-381">
         <name>lcd_print</name>
         <value>0x2a09</value>
         <object_component_ref idref="oc-9b"/>
      </symbol>
      <symbol id="sm-382">
         <name>lcd_init</name>
         <value>0x28a7</value>
         <object_component_ref idref="oc-9b"/>
      </symbol>
      <symbol id="sm-383">
         <name>UARTIntClear</name>
         <value>0x2677</value>
         <object_component_ref idref="oc-9b"/>
      </symbol>
      <symbol id="sm-384">
         <name>UARTIntStatus</name>
         <value>0x2659</value>
         <object_component_ref idref="oc-9b"/>
      </symbol>
      <symbol id="sm-385">
         <name>timerkesmefonksiyonu</name>
         <value>0x2813</value>
         <object_component_ref idref="oc-9b"/>
      </symbol>
      <symbol id="sm-386">
         <name>UARTDMADisable</name>
         <value>0x26a1</value>
         <object_component_ref idref="oc-9b"/>
      </symbol>
      <symbol id="sm-387">
         <name>format_time</name>
         <value>0x2a25</value>
         <object_component_ref idref="oc-9b"/>
      </symbol>
      <symbol id="sm-388">
         <name>UART9BitEnable</name>
         <value>0x26ff</value>
         <object_component_ref idref="oc-9b"/>
      </symbol>
      <symbol id="sm-389">
         <name>UARTSpaceAvail</name>
         <value>0x2511</value>
         <object_component_ref idref="oc-9b"/>
      </symbol>
      <symbol id="sm-38a">
         <name>UARTCharGet</name>
         <value>0x254b</value>
         <object_component_ref idref="oc-9b"/>
      </symbol>
      <symbol id="sm-38b">
         <name>UARTFIFOLevelSet</name>
         <value>0x220d</value>
         <object_component_ref idref="oc-9b"/>
      </symbol>
      <symbol id="sm-38c">
         <name>UARTModemControlClear</name>
         <value>0x244d</value>
         <object_component_ref idref="oc-9b"/>
      </symbol>
      <symbol id="sm-38d">
         <name>UARTParityModeGet</name>
         <value>0x21fb</value>
         <object_component_ref idref="oc-9b"/>
      </symbol>
      <symbol id="sm-38e">
         <name>UARTIntRegister</name>
         <value>0x25eb</value>
         <object_component_ref idref="oc-9b"/>
      </symbol>
      <symbol id="sm-38f">
         <name>UARTBreakCtl</name>
         <value>0x25a3</value>
         <object_component_ref idref="oc-9b"/>
      </symbol>
      <symbol id="sm-390">
         <name>SetInitSettings</name>
         <value>0x27c3</value>
         <object_component_ref idref="oc-9b"/>
      </symbol>
      <symbol id="sm-391">
         <name>UART9BitAddrSet</name>
         <value>0x272b</value>
         <object_component_ref idref="oc-9b"/>
      </symbol>
      <symbol id="sm-3b2">
         <name>ResetISR</name>
         <value>0x2ea5</value>
         <object_component_ref idref="oc-27"/>
      </symbol>
      <symbol id="sm-3b3">
         <name>g_pfnVectors</name>
         <value>0x0</value>
         <object_component_ref idref="oc-12"/>
      </symbol>
      <symbol id="sm-3cc">
         <name>__TI_zero_init_nomemset</name>
         <value>0x2e21</value>
         <object_component_ref idref="oc-47"/>
      </symbol>
      <symbol id="sm-3e1">
         <name>__stack</name>
         <value>0x20000270</value>
         <object_component_ref idref="oc-24"/>
      </symbol>
      <symbol id="sm-3e2">
         <name>_c_int00_noargs</name>
         <value>0x2ded</value>
         <object_component_ref idref="oc-59"/>
      </symbol>
      <symbol id="sm-40c">
         <name>__TI_auto_init_nobinit_nopinit</name>
         <value>0x2d75</value>
         <object_component_ref idref="oc-12e"/>
      </symbol>
      <symbol id="sm-416">
         <name>_system_pre_init</name>
         <value>0x2ec7</value>
         <object_component_ref idref="oc-95"/>
      </symbol>
      <symbol id="sm-422">
         <name>C$$EXIT</name>
         <value>0x2ecb</value>
         <object_component_ref idref="oc-122"/>
      </symbol>
      <symbol id="sm-423">
         <name>abort</name>
         <value>0x2ecb</value>
         <object_component_ref idref="oc-122"/>
      </symbol>
      <symbol id="sm-44e">
         <name>CPUcpsie</name>
         <value>0x2e99</value>
         <object_component_ref idref="oc-1a2"/>
      </symbol>
      <symbol id="sm-44f">
         <name>CPUwfi</name>
         <value>0x2ebf</value>
         <object_component_ref idref="oc-18f"/>
      </symbol>
      <symbol id="sm-4b8">
         <name>IntEnable</name>
         <value>0x2c61</value>
         <object_component_ref idref="oc-d4"/>
      </symbol>
      <symbol id="sm-4b9">
         <name>IntDisable</name>
         <value>0x2bf9</value>
         <object_component_ref idref="oc-da"/>
      </symbol>
      <symbol id="sm-4ba">
         <name>IntRegister</name>
         <value>0x2db9</value>
         <object_component_ref idref="oc-ce"/>
      </symbol>
      <symbol id="sm-4bb">
         <name>IntUnregister</name>
         <value>0x2e55</value>
         <object_component_ref idref="oc-e0"/>
      </symbol>
      <symbol id="sm-4bc">
         <name>g_pfnRAMVectors</name>
         <value>0x20000000</value>
         <object_component_ref idref="oc-16a"/>
      </symbol>
      <symbol id="sm-4bd">
         <name>IntMasterEnable</name>
         <value>0x2e7b</value>
         <object_component_ref idref="oc-f8"/>
      </symbol>
      <symbol id="sm-518">
         <name>TimerLoadSet</name>
         <value>0x2e69</value>
         <object_component_ref idref="oc-f2"/>
      </symbol>
      <symbol id="sm-519">
         <name>TimerIntRegister</name>
         <value>0x2e3d</value>
         <object_component_ref idref="oc-104"/>
      </symbol>
      <symbol id="sm-51a">
         <name>TimerEnable</name>
         <value>0x2e8b</value>
         <object_component_ref idref="oc-116"/>
      </symbol>
      <symbol id="sm-51b">
         <name>TimerIntEnable</name>
         <value>0x2eb1</value>
         <object_component_ref idref="oc-fe"/>
      </symbol>
      <symbol id="sm-51c">
         <name>TimerConfigure</name>
         <value>0x2cc9</value>
         <object_component_ref idref="oc-ec"/>
      </symbol>
      <symbol id="sm-51d">
         <name>TimerIntClear</name>
         <value>0x2ec3</value>
         <object_component_ref idref="oc-10a"/>
      </symbol>
      <symbol id="sm-51e">
         <name>__TI_static_base__</name>
         <value>0x0</value>
      </symbol>
      <symbol id="sm-520">
         <name>__mpu_init</name>
         <value>0x0</value>
      </symbol>
      <symbol id="sm-521">
         <name>_system_post_cinit</name>
         <value>0x0</value>
      </symbol>
   </symbol_table>
   <title>Link successful</title>
</link_info>
