******************************************************************************
                  TI ARM Linker PC v18.1.3                     
******************************************************************************
>> Linked Tue Dec 22 11:52:27 2020

OUTPUT FILE NAME:   <hafta0B02hibarnate.out>
ENTRY POINT SYMBOL: "_c_int00_noargs"  address: 00001565


MEMORY CONFIGURATION

         name            origin    length      used     unused   attr    fill
----------------------  --------  ---------  --------  --------  ----  --------
  FLASH                 00000000   00040000  000019ac  0003e654  R  X
  SRAM                  20000000   00008000  0000046c  00007b94  RW X


SEGMENT ALLOCATION MAP

run origin  load origin   length   init length attrs members
----------  ----------- ---------- ----------- ----- -------
00000000    00000000    000019ac   000019ac    r-x
  00000000    00000000    0000026c   0000026c    r-- .intvecs
  0000026c    0000026c    000014b0   000014b0    r-x .text
  0000171c    0000171c    0000027c   0000027c    r-- .const
  00001998    00001998    00000014   00000014    r-- .cinit
20000000    20000000    00000470   00000000    rw-
  20000000    20000000    0000026c   00000000    rw- .vtable
  20000270    20000270    00000200   00000000    rw- .stack


SECTION ALLOCATION MAP

 output                                  attributes/
section   page    origin      length       input sections
--------  ----  ----------  ----------   ----------------
.intvecs   0    00000000    0000026c     
                  00000000    0000026c     tm4c123gh6pm_startup_ccs.obj (.intvecs)

.text      0    0000026c    000014b0     
                  0000026c    00001014     main.obj (.text)
                  00001280    0000016c     driverlib.lib : gpio.obj (.text:GPIOPadConfigSet)
                  000013ec    00000068                   : interrupt.obj (.text:IntDisable)
                  00001454    00000068                   : interrupt.obj (.text:IntEnable)
                  000014bc    00000064                   : hibernate.obj (.text:HibernateWakeSet)
                  00001520    00000044     rtsv7M4_T_le_v4SPD16_eabi.lib : autoinit.c.obj (.text:__TI_auto_init_nobinit_nopinit:__TI_auto_init_nobinit_nopinit)
                  00001564    00000038                                   : boot_cortex_m.c.obj (.text:_c_int00_noargs:_c_int00_noargs)
                  0000159c    00000034     driverlib.lib : interrupt.obj (.text:IntRegister)
                  000015d0    0000002c                   : gpio.obj (.text:GPIODirModeSet)
                  000015fc    0000002c                   : hibernate.obj (.text:HibernateRTCSet)
                  00001628    0000001a                   : gpio.obj (.text:GPIOPinTypeGPIOOutput)
                  00001642    00000002                   : interrupt.obj (.text:_IntDefaultHandler)
                  00001644    00000018                   : hibernate.obj (.text:HibernateGPIORetentionEnable)
                  0000165c    00000016                   : gpio.obj (.text:GPIOPinTypeGPIOInput)
                  00001672    00000002     --HOLE-- [fill = 0]
                  00001674    00000014                   : hibernate.obj (.text:HibernateEnableExpClk)
                  00001688    00000014                   : hibernate.obj (.text:HibernateRTCEnable)
                  0000169c    00000014                   : hibernate.obj (.text:HibernateRequest)
                  000016b0    00000014                   : interrupt.obj (.text:IntUnregister)
                  000016c4    00000012     rtsv7M4_T_le_v4SPD16_eabi.lib : copy_zero_init.c.obj (.text:decompress:ZI:__TI_zero_init_nomemset:__TI_zero_init_nomemset)
                  000016d6    00000002     --HOLE-- [fill = 0]
                  000016d8    00000010     driverlib.lib : hibernate.obj (.text:HibernateRTCMatchSet)
                  000016e8    00000010                   : hibernate.obj (.text:_HibernateWriteComplete)
                  000016f8    0000000c     tm4c123gh6pm_startup_ccs.obj (.text)
                  00001704    00000006     driverlib.lib : gpio.obj (.text:GPIOPinWrite)
                  0000170a    00000006     main.obj (.text:SysCtlDelay)
                  00001710    00000004     driverlib.lib : cpu.obj (.text:CPUwfi)
                  00001714    00000004     rtsv7M4_T_le_v4SPD16_eabi.lib : pre_init.c.obj (.text:_system_pre_init)
                  00001718    00000004                                   : exit.c.obj (.text:abort:abort)

.const     0    0000171c    0000027c     
                  0000171c    000001b0     main.obj (.const:g_pppui32XTALtoVCO)
                  000018cc    0000006c     main.obj (.const:g_pui32Xtals)
                  00001938    00000030     main.obj (.const:g_sXTALtoMEMTIM)
                  00001968    00000014     driverlib.lib : interrupt.obj (.const:g_pui32Dii16Regs)
                  0000197c    00000014                   : interrupt.obj (.const:g_pui32EnRegs)
                  00001990    00000008     main.obj (.const:g_pui32VCOFrequencies)

.cinit     0    00001998    00000014     
                  00001998    00000008     (.cinit..vtable.load) [load image, compression = zero_init]
                  000019a0    00000004     (__TI_handler_table)
                  000019a4    00000008     (__TI_cinit_table)

.init_array 
*          0    00000000    00000000     UNINITIALIZED

.vtable    0    20000000    0000026c     UNINITIALIZED
                  20000000    0000026c     driverlib.lib : interrupt.obj (.vtable)

.stack     0    20000270    00000200     UNINITIALIZED
                  20000270    00000004     rtsv7M4_T_le_v4SPD16_eabi.lib : boot_cortex_m.c.obj (.stack)
                  20000274    000001fc     --HOLE--

MODULE SUMMARY

       Module                         code   ro data   rw data
       ------                         ----   -------   -------
    .\
       main.obj                       4122   596       0      
       tm4c123gh6pm_startup_ccs.obj   12     620       0      
    +--+------------------------------+------+---------+---------+
       Total:                         4134   1216      0      
                                                              
    C:/ti/TivaWare_C_Series-2.2.0.295/driverlib/ccs/Debug/driverlib.lib
       interrupt.obj                  282    40        620    
       gpio.obj                       462    0         0      
       hibernate.obj                  260    0         0      
       cpu.obj                        4      0         0      
    +--+------------------------------+------+---------+---------+
       Total:                         1008   40        620    
                                                              
    C:\ti\ccsv8\tools\compiler\ti-cgt-arm_18.1.3.LTS\lib\rtsv7M4_T_le_v4SPD16_eabi.lib
       autoinit.c.obj                 68     0         0      
       boot_cortex_m.c.obj            56     0         0      
       copy_zero_init.c.obj           18     0         0      
       exit.c.obj                     4      0         0      
       pre_init.c.obj                 4      0         0      
    +--+------------------------------+------+---------+---------+
       Total:                         150    0         0      
                                                              
       Stack:                         0      0         512    
       Linker Generated:              0      20        0      
    +--+------------------------------+------+---------+---------+
       Grand Total:                   5292   1276      1132   


LINKER GENERATED COPY TABLES

__TI_cinit_table @ 000019a4 records: 1, size/record: 8, table size: 8
	.vtable: load addr=00001998, load size=00000008 bytes, run addr=20000000, run size=0000026c bytes, compression=zero_init


LINKER GENERATED HANDLER TABLE

__TI_handler_table @ 000019a0 records: 1, size/record: 4, table size: 4
	index: 0, handler: __TI_zero_init


GLOBAL SYMBOLS: SORTED ALPHABETICALLY BY Name 

address   name                            
-------   ----                            
00001719  C$$EXIT                         
00001711  CPUwfi                          
000015d1  GPIODirModeSet                  
00001281  GPIOPadConfigSet                
0000165d  GPIOPinTypeGPIOInput            
00001629  GPIOPinTypeGPIOOutput           
00001705  GPIOPinWrite                    
00001675  HibernateEnableExpClk           
00001645  HibernateGPIORetentionEnable    
00001689  HibernateRTCEnable              
000016d9  HibernateRTCMatchSet            
000015fd  HibernateRTCSet                 
0000169d  HibernateRequest                
000014bd  HibernateWakeSet                
000013ed  IntDisable                      
00001455  IntEnable                       
0000159d  IntRegister                     
000016b1  IntUnregister                   
000016f9  ResetISR                        
000011a9  SysCtlAltClkConfig              
000008d1  SysCtlClockFreqSet              
00000d99  SysCtlClockGet                  
0000118d  SysCtlClockOutConfig            
00000bc9  SysCtlClockSet                  
000007d5  SysCtlDeepSleep                 
00000f5d  SysCtlDeepSleepClockConfigSet   
00000f3f  SysCtlDeepSleepClockSet         
000007b5  SysCtlDeepSleepPowerSet         
0000170b  SysCtlDelay                     
00000363  SysCtlFlashSectorSizeGet        
00000337  SysCtlFlashSizeGet              
00001033  SysCtlGPIOAHBDisable            
00001017  SysCtlGPIOAHBEnable             
00000749  SysCtlIntClear                  
00000731  SysCtlIntDisable                
0000071d  SysCtlIntEnable                 
000006f5  SysCtlIntRegister               
00000759  SysCtlIntStatus                 
0000070d  SysCtlIntUnregister             
0000079b  SysCtlLDODeepSleepGet           
0000078b  SysCtlLDODeepSleepSet           
00000785  SysCtlLDOSleepGet               
00000775  SysCtlLDOSleepSet               
0000080b  SysCtlMOSCConfigSet             
00001171  SysCtlNMIClear                  
0000115d  SysCtlNMIStatus                 
00000821  SysCtlPIOSCCalibrate            
00001001  SysCtlPWMClockGet               
00000fe7  SysCtlPWMClockSet               
000006a1  SysCtlPeripheralClockGating     
00000659  SysCtlPeripheralDeepSleepDisable
00000609  SysCtlPeripheralDeepSleepEnable 
00000545  SysCtlPeripheralDisable         
00000509  SysCtlPeripheralEnable          
00000445  SysCtlPeripheralPowerOff        
00000409  SysCtlPeripheralPowerOn         
00000389  SysCtlPeripheralPresent         
000003c9  SysCtlPeripheralReady           
00000481  SysCtlPeripheralReset           
000005cd  SysCtlPeripheralSleepDisable    
00000589  SysCtlPeripheralSleepEnable     
000007c5  SysCtlReset                     
00000881  SysCtlResetBehaviorGet          
00000871  SysCtlResetBehaviorSet          
000007f7  SysCtlResetCauseClear           
000007f1  SysCtlResetCauseGet             
0000032d  SysCtlSRAMSizeGet               
000007cd  SysCtlSleep                     
000007a1  SysCtlSleepPowerSet             
0000105b  SysCtlUSBPLLDisable             
0000104f  SysCtlUSBPLLEnable              
000010a1  SysCtlVCOGet                    
00001089  SysCtlVoltageEventClear         
0000106d  SysCtlVoltageEventConfig        
0000107d  SysCtlVoltageEventStatus        
20000470  __STACK_END                     
00000200  __STACK_SIZE                    
20000470  __STACK_TOP                     
000019a4  __TI_CINIT_Base                 
000019ac  __TI_CINIT_Limit                
000019a0  __TI_Handler_Table_Base         
000019a4  __TI_Handler_Table_Limit        
00001521  __TI_auto_init_nobinit_nopinit  
ffffffff  __TI_pprof_out_hndl             
ffffffff  __TI_prof_data_size             
ffffffff  __TI_prof_data_start            
00000000  __TI_static_base__              
000016c5  __TI_zero_init_nomemset         
ffffffff  __binit__                       
ffffffff  __c_args__                      
UNDEFED   __mpu_init                      
20000270  __stack                         
00001565  _c_int00_noargs                 
UNDEFED   _system_post_cinit              
00001715  _system_pre_init                
00001719  abort                           
ffffffff  binit                           
20000000  g_pfnRAMVectors                 
00000000  g_pfnVectors                    
000011b9  main                            


GLOBAL SYMBOLS: SORTED BY Symbol Address 

address   name                            
-------   ----                            
00000000  __TI_static_base__              
00000000  g_pfnVectors                    
00000200  __STACK_SIZE                    
0000032d  SysCtlSRAMSizeGet               
00000337  SysCtlFlashSizeGet              
00000363  SysCtlFlashSectorSizeGet        
00000389  SysCtlPeripheralPresent         
000003c9  SysCtlPeripheralReady           
00000409  SysCtlPeripheralPowerOn         
00000445  SysCtlPeripheralPowerOff        
00000481  SysCtlPeripheralReset           
00000509  SysCtlPeripheralEnable          
00000545  SysCtlPeripheralDisable         
00000589  SysCtlPeripheralSleepEnable     
000005cd  SysCtlPeripheralSleepDisable    
00000609  SysCtlPeripheralDeepSleepEnable 
00000659  SysCtlPeripheralDeepSleepDisable
000006a1  SysCtlPeripheralClockGating     
000006f5  SysCtlIntRegister               
0000070d  SysCtlIntUnregister             
0000071d  SysCtlIntEnable                 
00000731  SysCtlIntDisable                
00000749  SysCtlIntClear                  
00000759  SysCtlIntStatus                 
00000775  SysCtlLDOSleepSet               
00000785  SysCtlLDOSleepGet               
0000078b  SysCtlLDODeepSleepSet           
0000079b  SysCtlLDODeepSleepGet           
000007a1  SysCtlSleepPowerSet             
000007b5  SysCtlDeepSleepPowerSet         
000007c5  SysCtlReset                     
000007cd  SysCtlSleep                     
000007d5  SysCtlDeepSleep                 
000007f1  SysCtlResetCauseGet             
000007f7  SysCtlResetCauseClear           
0000080b  SysCtlMOSCConfigSet             
00000821  SysCtlPIOSCCalibrate            
00000871  SysCtlResetBehaviorSet          
00000881  SysCtlResetBehaviorGet          
000008d1  SysCtlClockFreqSet              
00000bc9  SysCtlClockSet                  
00000d99  SysCtlClockGet                  
00000f3f  SysCtlDeepSleepClockSet         
00000f5d  SysCtlDeepSleepClockConfigSet   
00000fe7  SysCtlPWMClockSet               
00001001  SysCtlPWMClockGet               
00001017  SysCtlGPIOAHBEnable             
00001033  SysCtlGPIOAHBDisable            
0000104f  SysCtlUSBPLLEnable              
0000105b  SysCtlUSBPLLDisable             
0000106d  SysCtlVoltageEventConfig        
0000107d  SysCtlVoltageEventStatus        
00001089  SysCtlVoltageEventClear         
000010a1  SysCtlVCOGet                    
0000115d  SysCtlNMIStatus                 
00001171  SysCtlNMIClear                  
0000118d  SysCtlClockOutConfig            
000011a9  SysCtlAltClkConfig              
000011b9  main                            
00001281  GPIOPadConfigSet                
000013ed  IntDisable                      
00001455  IntEnable                       
000014bd  HibernateWakeSet                
00001521  __TI_auto_init_nobinit_nopinit  
00001565  _c_int00_noargs                 
0000159d  IntRegister                     
000015d1  GPIODirModeSet                  
000015fd  HibernateRTCSet                 
00001629  GPIOPinTypeGPIOOutput           
00001645  HibernateGPIORetentionEnable    
0000165d  GPIOPinTypeGPIOInput            
00001675  HibernateEnableExpClk           
00001689  HibernateRTCEnable              
0000169d  HibernateRequest                
000016b1  IntUnregister                   
000016c5  __TI_zero_init_nomemset         
000016d9  HibernateRTCMatchSet            
000016f9  ResetISR                        
00001705  GPIOPinWrite                    
0000170b  SysCtlDelay                     
00001711  CPUwfi                          
00001715  _system_pre_init                
00001719  C$$EXIT                         
00001719  abort                           
000019a0  __TI_Handler_Table_Base         
000019a4  __TI_CINIT_Base                 
000019a4  __TI_Handler_Table_Limit        
000019ac  __TI_CINIT_Limit                
20000000  g_pfnRAMVectors                 
20000270  __stack                         
20000470  __STACK_END                     
20000470  __STACK_TOP                     
ffffffff  __TI_pprof_out_hndl             
ffffffff  __TI_prof_data_size             
ffffffff  __TI_prof_data_start            
ffffffff  __binit__                       
ffffffff  __c_args__                      
ffffffff  binit                           
UNDEFED   __mpu_init                      
UNDEFED   _system_post_cinit              

[100 symbols]
